Archive member included because of file (symbol)

/usr/bin/../lib/gcc/arm-none-eabi/4.7.4/../../../../arm-none-eabi/lib/armv7e-m/libm.a(lib_a-s_atan.o)
                              build/obj/elliptic_motion.o (atan)
/usr/bin/../lib/gcc/arm-none-eabi/4.7.4/../../../../arm-none-eabi/lib/armv7e-m/libm.a(lib_a-s_cbrt.o)
                              build/obj/hyperbolic_motion.o (cbrt)
/usr/bin/../lib/gcc/arm-none-eabi/4.7.4/../../../../arm-none-eabi/lib/armv7e-m/libm.a(lib_a-s_cos.o)
                              build/obj/aberration.o (cos)
/usr/bin/../lib/gcc/arm-none-eabi/4.7.4/../../../../arm-none-eabi/lib/armv7e-m/libm.a(lib_a-s_fabs.o)
                              /usr/bin/../lib/gcc/arm-none-eabi/4.7.4/../../../../arm-none-eabi/lib/armv7e-m/libm.a(lib_a-s_atan.o) (fabs)
/usr/bin/../lib/gcc/arm-none-eabi/4.7.4/../../../../arm-none-eabi/lib/armv7e-m/libm.a(lib_a-s_floor.o)
                              build/obj/julian_day.o (floor)
/usr/bin/../lib/gcc/arm-none-eabi/4.7.4/../../../../arm-none-eabi/lib/armv7e-m/libm.a(lib_a-s_modf.o)
                              build/obj/utility.o (modf)
/usr/bin/../lib/gcc/arm-none-eabi/4.7.4/../../../../arm-none-eabi/lib/armv7e-m/libm.a(lib_a-s_sin.o)
                              build/obj/aberration.o (sin)
/usr/bin/../lib/gcc/arm-none-eabi/4.7.4/../../../../arm-none-eabi/lib/armv7e-m/libm.a(lib_a-s_tan.o)
                              build/obj/angular_separation.o (tan)
/usr/bin/../lib/gcc/arm-none-eabi/4.7.4/../../../../arm-none-eabi/lib/armv7e-m/libm.a(lib_a-w_acos.o)
                              build/obj/elliptic_motion.o (acos)
/usr/bin/../lib/gcc/arm-none-eabi/4.7.4/../../../../arm-none-eabi/lib/armv7e-m/libm.a(lib_a-w_asin.o)
                              build/obj/airmass.o (asin)
/usr/bin/../lib/gcc/arm-none-eabi/4.7.4/../../../../arm-none-eabi/lib/armv7e-m/libm.a(lib_a-w_atan2.o)
                              build/obj/angular_separation.o (atan2)
/usr/bin/../lib/gcc/arm-none-eabi/4.7.4/../../../../arm-none-eabi/lib/armv7e-m/libm.a(lib_a-w_exp.o)
                              build/obj/asteroid.o (exp)
/usr/bin/../lib/gcc/arm-none-eabi/4.7.4/../../../../arm-none-eabi/lib/armv7e-m/libm.a(lib_a-w_log10.o)
                              build/obj/asteroid.o (log10)
/usr/bin/../lib/gcc/arm-none-eabi/4.7.4/../../../../arm-none-eabi/lib/armv7e-m/libm.a(lib_a-w_pow.o)
                              build/obj/asteroid.o (pow)
/usr/bin/../lib/gcc/arm-none-eabi/4.7.4/../../../../arm-none-eabi/lib/armv7e-m/libm.a(lib_a-w_sqrt.o)
                              build/obj/airmass.o (sqrt)
/usr/bin/../lib/gcc/arm-none-eabi/4.7.4/../../../../arm-none-eabi/lib/armv7e-m/libm.a(lib_a-e_acos.o)
                              /usr/bin/../lib/gcc/arm-none-eabi/4.7.4/../../../../arm-none-eabi/lib/armv7e-m/libm.a(lib_a-w_acos.o) (__ieee754_acos)
/usr/bin/../lib/gcc/arm-none-eabi/4.7.4/../../../../arm-none-eabi/lib/armv7e-m/libm.a(lib_a-e_asin.o)
                              /usr/bin/../lib/gcc/arm-none-eabi/4.7.4/../../../../arm-none-eabi/lib/armv7e-m/libm.a(lib_a-w_asin.o) (__ieee754_asin)
/usr/bin/../lib/gcc/arm-none-eabi/4.7.4/../../../../arm-none-eabi/lib/armv7e-m/libm.a(lib_a-e_atan2.o)
                              /usr/bin/../lib/gcc/arm-none-eabi/4.7.4/../../../../arm-none-eabi/lib/armv7e-m/libm.a(lib_a-w_atan2.o) (__ieee754_atan2)
/usr/bin/../lib/gcc/arm-none-eabi/4.7.4/../../../../arm-none-eabi/lib/armv7e-m/libm.a(lib_a-e_exp.o)
                              /usr/bin/../lib/gcc/arm-none-eabi/4.7.4/../../../../arm-none-eabi/lib/armv7e-m/libm.a(lib_a-w_exp.o) (__ieee754_exp)
/usr/bin/../lib/gcc/arm-none-eabi/4.7.4/../../../../arm-none-eabi/lib/armv7e-m/libm.a(lib_a-e_log10.o)
                              /usr/bin/../lib/gcc/arm-none-eabi/4.7.4/../../../../arm-none-eabi/lib/armv7e-m/libm.a(lib_a-w_log10.o) (__ieee754_log10)
/usr/bin/../lib/gcc/arm-none-eabi/4.7.4/../../../../arm-none-eabi/lib/armv7e-m/libm.a(lib_a-e_pow.o)
                              /usr/bin/../lib/gcc/arm-none-eabi/4.7.4/../../../../arm-none-eabi/lib/armv7e-m/libm.a(lib_a-w_pow.o) (__ieee754_pow)
/usr/bin/../lib/gcc/arm-none-eabi/4.7.4/../../../../arm-none-eabi/lib/armv7e-m/libm.a(lib_a-e_rem_pio2.o)
                              /usr/bin/../lib/gcc/arm-none-eabi/4.7.4/../../../../arm-none-eabi/lib/armv7e-m/libm.a(lib_a-s_cos.o) (__ieee754_rem_pio2)
/usr/bin/../lib/gcc/arm-none-eabi/4.7.4/../../../../arm-none-eabi/lib/armv7e-m/libm.a(lib_a-e_sqrt.o)
                              /usr/bin/../lib/gcc/arm-none-eabi/4.7.4/../../../../arm-none-eabi/lib/armv7e-m/libm.a(lib_a-w_sqrt.o) (__ieee754_sqrt)
/usr/bin/../lib/gcc/arm-none-eabi/4.7.4/../../../../arm-none-eabi/lib/armv7e-m/libm.a(lib_a-k_cos.o)
                              /usr/bin/../lib/gcc/arm-none-eabi/4.7.4/../../../../arm-none-eabi/lib/armv7e-m/libm.a(lib_a-s_cos.o) (__kernel_cos)
/usr/bin/../lib/gcc/arm-none-eabi/4.7.4/../../../../arm-none-eabi/lib/armv7e-m/libm.a(lib_a-k_rem_pio2.o)
[...]
Memory Configuration

Name             Origin             Length             Attributes
flash            0x0000000008000000 0x0000000000100000
ram              0x0000000020000000 0x000000000001c000
ethram           0x000000002001c000 0x0000000000004000
ccmram           0x0000000010000000 0x0000000000010000
*default*        0x0000000000000000 0xffffffffffffffff

Linker script and memory map

LOAD build/obj/crt0.o
LOAD build/obj/vectors.o
LOAD build/obj/chcore.o
LOAD build/obj/chcore_v7m.o
LOAD build/obj/nvic.o
LOAD build/obj/chsys.o
LOAD build/obj/chdebug.o
LOAD build/obj/chlists.o
LOAD build/obj/chvt.o
LOAD build/obj/chschd.o
LOAD build/obj/chthreads.o
LOAD build/obj/chdynamic.o
LOAD build/obj/chregistry.o
LOAD build/obj/chsem.o
LOAD build/obj/chmtx.o
LOAD build/obj/chcond.o
LOAD build/obj/chevents.o
LOAD build/obj/chmsg.o
LOAD build/obj/chmboxes.o
LOAD build/obj/chqueues.o
LOAD build/obj/chmemcore.o
LOAD build/obj/chheap.o
LOAD build/obj/chmempools.o
LOAD build/obj/test.o
LOAD build/obj/testthd.o
LOAD build/obj/testsem.o
LOAD build/obj/testmtx.o
LOAD build/obj/testmsg.o
LOAD build/obj/testmbox.o
LOAD build/obj/testevt.o
LOAD build/obj/testheap.o
LOAD build/obj/testpools.o
LOAD build/obj/testdyn.o
LOAD build/obj/testqueues.o
LOAD build/obj/testbmk.o
LOAD build/obj/hal.o
LOAD build/obj/adc.o
LOAD build/obj/can.o
LOAD build/obj/ext.o
LOAD build/obj/gpt.o
LOAD build/obj/i2c.o
LOAD build/obj/icu.o
LOAD build/obj/mac.o
LOAD build/obj/mmc_spi.o
LOAD build/obj/mmcsd.o
LOAD build/obj/pal.o
LOAD build/obj/pwm.o
LOAD build/obj/rtc.o
LOAD build/obj/sdc.o
LOAD build/obj/serial.o
LOAD build/obj/serial_usb.o
LOAD build/obj/spi.o
LOAD build/obj/tm.o
LOAD build/obj/uart.o
LOAD build/obj/usb.o
LOAD build/obj/stm32_dma.o
LOAD build/obj/hal_lld.o
LOAD build/obj/adc_lld.o
LOAD build/obj/ext_lld_isr.o
LOAD build/obj/can_lld.o
LOAD build/obj/ext_lld.o
LOAD build/obj/gpt_lld.o
LOAD build/obj/icu_lld.o
LOAD build/obj/mac_lld.o
LOAD build/obj/pwm_lld.o
LOAD build/obj/sdc_lld.o
LOAD build/obj/pal_lld.o
LOAD build/obj/i2c_lld.o
LOAD build/obj/usb_lld.o
LOAD build/obj/rtc_lld.o
LOAD build/obj/spi_lld.o
LOAD build/obj/serial_lld.o
LOAD build/obj/uart_lld.o
LOAD build/obj/board.o
LOAD build/obj/lis302dl.o
LOAD build/obj/chprintf.o
LOAD build/obj/chrtclib.o
LOAD build/obj/evtimer.o
LOAD build/obj/syscalls.o
LOAD build/obj/aberration.o
LOAD build/obj/airmass.o
LOAD build/obj/angular_separation.o
LOAD build/obj/apparent_position.o
LOAD build/obj/asteroid.o
LOAD build/obj/comet.o
LOAD build/obj/dynamical_time.o
LOAD build/obj/earth.o
LOAD build/obj/elliptic_motion.o
LOAD build/obj/heliocentric_time.o
LOAD build/obj/hyperbolic_motion.o
LOAD build/obj/julian_day.o
LOAD build/obj/jupiter.o
LOAD build/obj/lunar.o
LOAD build/obj/mars.o
LOAD build/obj/mercury.o
LOAD build/obj/neptune.o
LOAD build/obj/nutation.o
LOAD build/obj/parabolic_motion.o
LOAD build/obj/parallax.o
LOAD build/obj/pluto.o
LOAD build/obj/precession.o
LOAD build/obj/proper_motion.o
LOAD build/obj/refraction.o
LOAD build/obj/rise_set.o
LOAD build/obj/saturn.o
LOAD build/obj/sidereal_time.o
LOAD build/obj/solar.o
LOAD build/obj/transform.o
LOAD build/obj/uranus.o
LOAD build/obj/utility.o
LOAD build/obj/venus.o
LOAD build/obj/vsop87.o
LOAD build/obj/usbcfg.o
LOAD build/obj/main.o
LOAD build/obj/lx200Shell.o
LOAD build/obj/lx200ShellCMD.o
LOAD build/obj/motor.o
LOAD build/obj/AccelStepper.o
LOAD /usr/bin/../lib/gcc/arm-none-eabi/4.7.4/../../../../arm-none-eabi/lib/armv7e-m/libm.a
START GROUP
LOAD /usr/bin/../lib/gcc/arm-none-eabi/4.7.4/armv7e-m/libgcc.a
LOAD /usr/bin/../lib/gcc/arm-none-eabi/4.7.4/../../../../arm-none-eabi/lib/armv7e-m/libc.a
END GROUP
                0x0000000000000400                __main_stack_size__ = 0x400
                0x0000000000000400                __process_stack_size__ = 0x400
                0x0000000020000000                __ram_start__ = ORIGIN (ram)
                0x000000000001c000                __ram_size__ = 0x1c000
                0x000000002001c000                __ram_end__ = (__ram_start__ + __ram_size__)
                0x0000000000000000                . = 0x0
                0x0000000000000000                _text = .

startup         0x0000000008000000      0x188
 *(vectors)
 vectors        0x0000000008000000      0x188 build/obj/vectors.o
                0x0000000008000000                _vectors

constructors    0x0000000008000188        0x0
                0x0000000008000188                PROVIDE (__init_array_start, .)
 *(SORT(.init_array.*))
 *(.init_array)
                0x0000000008000188                PROVIDE (__init_array_end, .)

destructors     0x0000000008000188        0x0
                0x0000000008000188                PROVIDE (__fini_array_start, .)
 *(.fini_array)
 *(SORT(.fini_array.*))
                0x0000000008000188                PROVIDE (__fini_array_end, .)

.text           0x0000000008000190    0x18a08
 *(.text.startup.*)
 .text.startup.main
                0x0000000008000190      0x150 build/obj/main.o
                0x0000000008000190                main
 *(.text)
 .text          0x00000000080002e0      0x370 /usr/bin/../lib/gcc/arm-none-eabi/4.7.4/armv7e-m/libgcc.a(_arm_addsubdf3.o)
                0x00000000080002e0                __aeabi_drsub
                0x00000000080002e8                __aeabi_dsub
                0x00000000080002e8                __subdf3
                0x00000000080002ec                __adddf3
                0x00000000080002ec                __aeabi_dadd
                0x0000000008000564                __aeabi_ui2d
                0x0000000008000564                __floatunsidf
                0x0000000008000584                __floatsidf
                0x0000000008000584                __aeabi_i2d
                0x00000000080005a8                __extendsfdf2
                0x00000000080005a8                __aeabi_f2d
                0x00000000080005e4                __aeabi_ul2d
                0x00000000080005e4                __floatundidf
                0x00000000080005f4                __floatdidf
                0x00000000080005f4                __aeabi_l2d
 .text          0x0000000008000650      0x424 /usr/bin/../lib/gcc/arm-none-eabi/4.7.4/armv7e-m/libgcc.a(_arm_muldivdf3.o)
                0x0000000008000650                __aeabi_dmul
                0x0000000008000650                __muldf3
                0x00000000080008a4                __aeabi_ddiv
                0x00000000080008a4                __divdf3
 *fill*         0x0000000008000a74        0xc 00
 .text          0x0000000008000a80      0x110 /usr/bin/../lib/gcc/arm-none-eabi/4.7.4/armv7e-m/libgcc.a(_arm_cmpdf2.o)
                0x0000000008000a80                __gtdf2
                0x0000000008000a80                __gedf2
                0x0000000008000a88                __ltdf2
                0x0000000008000a88                __ledf2
                0x0000000008000a90                __cmpdf2
                0x0000000008000a90                __eqdf2
                0x0000000008000a90                __nedf2
                0x0000000008000b0c                __aeabi_cdrcmple
                0x0000000008000b1c                __aeabi_cdcmple
                0x0000000008000b1c                __aeabi_cdcmpeq
                0x0000000008000b2c                __aeabi_dcmpeq
                0x0000000008000b40                __aeabi_dcmplt
                0x0000000008000b54                __aeabi_dcmple
                0x0000000008000b68                __aeabi_dcmpge
                0x0000000008000b7c                __aeabi_dcmpgt
 .text          0x0000000008000b90       0x50 /usr/bin/../lib/gcc/arm-none-eabi/4.7.4/armv7e-m/libgcc.a(_arm_fixdfsi.o)
                0x0000000008000b90                __fixdfsi
                0x0000000008000b90                __aeabi_d2iz
 .text          0x0000000008000be0       0x40 /usr/bin/../lib/gcc/arm-none-eabi/4.7.4/armv7e-m/libgcc.a(_arm_fixunsdfsi.o)
                0x0000000008000be0                __fixunsdfsi
                0x0000000008000be0                __aeabi_d2uiz
 .text          0x0000000008000c20       0xa0 /usr/bin/../lib/gcc/arm-none-eabi/4.7.4/armv7e-m/libgcc.a(_arm_truncdfsf2.o)
                0x0000000008000c20                __aeabi_d2f
                0x0000000008000c20                __truncdfsf2
 .text          0x0000000008000cc0      0x21c /usr/bin/../lib/gcc/arm-none-eabi/4.7.4/armv7e-m/libgcc.a(_arm_addsubsf3.o)
                0x0000000008000cc0                __aeabi_frsub
                0x0000000008000cc8                __subsf3
                0x0000000008000cc8                __aeabi_fsub
                0x0000000008000ccc                __aeabi_fadd
                0x0000000008000ccc                __addsf3
                0x0000000008000e2c                __aeabi_ui2f
                0x0000000008000e2c                __floatunsisf
                0x0000000008000e34                __aeabi_i2f
                0x0000000008000e34                __floatsisf
                0x0000000008000e50                __floatundisf
                0x0000000008000e50                __aeabi_ul2f
                0x0000000008000e60                __floatdisf
                0x0000000008000e60                __aeabi_l2f
 *fill*         0x0000000008000edc        0x4 00
 .text          0x0000000008000ee0      0x2a0 /usr/bin/../lib/gcc/arm-none-eabi/4.7.4/armv7e-m/libgcc.a(_arm_muldivsf3.o)
                0x0000000008000ee0                __mulsf3
                0x0000000008000ee0                __aeabi_fmul
                0x0000000008001048                __divsf3
                0x0000000008001048                __aeabi_fdiv
 .text          0x0000000008001180       0xec /usr/bin/../lib/gcc/arm-none-eabi/4.7.4/armv7e-m/libgcc.a(_arm_cmpsf2.o)
                0x0000000008001180                __gtsf2
                0x0000000008001180                __gesf2
                0x0000000008001188                __lesf2
                0x0000000008001188                __ltsf2
                0x0000000008001190                __nesf2
                0x0000000008001190                __eqsf2
                0x0000000008001190                __cmpsf2
                0x00000000080011f0                __aeabi_cfrcmple
                0x00000000080011f8                __aeabi_cfcmple
                0x00000000080011f8                __aeabi_cfcmpeq
                0x0000000008001208                __aeabi_fcmpeq
                0x000000000800121c                __aeabi_fcmplt
                0x0000000008001230                __aeabi_fcmple
                0x0000000008001244                __aeabi_fcmpge
                0x0000000008001258                __aeabi_fcmpgt
 *fill*         0x000000000800126c        0x4 00
 .text          0x0000000008001270       0x4c /usr/bin/../lib/gcc/arm-none-eabi/4.7.4/armv7e-m/libgcc.a(_arm_fixsfsi.o)
                0x0000000008001270                __fixsfsi
                0x0000000008001270                __aeabi_f2iz
 *fill*         0x00000000080012bc        0x4 00
 .text          0x00000000080012c0       0x2c /usr/bin/../lib/gcc/arm-none-eabi/4.7.4/armv7e-m/libgcc.a(_aeabi_uldivmod.o)
                0x00000000080012c0                __aeabi_uldivmod
 *fill*         0x00000000080012ec        0x4 00
 .text          0x00000000080012f0       0x58 /usr/bin/../lib/gcc/arm-none-eabi/4.7.4/armv7e-m/libgcc.a(bpabi.o)
                0x00000000080012f0                __gnu_ldivmod_helper
                0x000000000800131c                __gnu_uldivmod_helper
 *fill*         0x0000000008001348        0x8 00
 .text          0x0000000008001350        0x4 /usr/bin/../lib/gcc/arm-none-eabi/4.7.4/armv7e-m/libgcc.a(_dvmd_tls.o)
                0x0000000008001350                __aeabi_ldiv0
                0x0000000008001350                __aeabi_idiv0
 *fill*         0x0000000008001354        0xc 00
 .text          0x0000000008001360      0x2bc /usr/bin/../lib/gcc/arm-none-eabi/4.7.4/armv7e-m/libgcc.a(_divdi3.o)
                0x0000000008001360                __divdi3
 *fill*         0x000000000800161c        0x4 00
 .text          0x0000000008001620      0x288 /usr/bin/../lib/gcc/arm-none-eabi/4.7.4/armv7e-m/libgcc.a(_udivdi3.o)
                0x0000000008001620                __udivdi3
 *(.text.*)
 *fill*         0x00000000080018a8        0x8 00
 .text.__late_init
                0x00000000080018b0       0x10 build/obj/crt0.o
                0x00000000080018b0                __late_init
 .text._default_exit
                0x00000000080018c0       0x10 build/obj/crt0.o
                0x00000000080018c0                _default_exit
 .text.ResetHandler
                0x00000000080018d0      0x1d0 build/obj/crt0.o
                0x00000000080018d0                ResetHandler
 .text._unhandled_exception
                0x0000000008001aa0       0x10 build/obj/vectors.o
                0x0000000008001aa0                Vector58
                0x0000000008001aa0                VectorE8
                0x0000000008001aa0                Vector9C
                0x0000000008001aa0                VectorAC
                0x0000000008001aa0                Vector5C
                0x0000000008001aa0                NMIVector
                0x0000000008001aa0                Vector11C
                0x0000000008001aa0                Vector8C
                0x0000000008001aa0                VectorDC
                0x0000000008001aa0                Vector168
                0x0000000008001aa0                Vector110
                0x0000000008001aa0                VectorC8
                0x0000000008001aa0                Vector94
                0x0000000008001aa0                VectorA8
                0x0000000008001aa0                VectorB4
                0x0000000008001aa0                Vector160
                0x0000000008001aa0                VectorEC
                0x0000000008001aa0                UsageFaultVector
                0x0000000008001aa0                DebugMonitorVector
                0x0000000008001aa0                Vector40
                0x0000000008001aa0                VectorF8
                0x0000000008001aa0                Vector108
                0x0000000008001aa0                VectorBC
                0x0000000008001aa0                Vector148
                0x0000000008001aa0                PendSVVector
                0x0000000008001aa0                Vector118
                0x0000000008001aa0                Vector64
                0x0000000008001aa0                VectorCC
                0x0000000008001aa0                Vector54
                0x0000000008001aa0                Vector98
                0x0000000008001aa0                Vector138
                0x0000000008001aa0                Vector24
                0x0000000008001aa0                Vector178
                0x0000000008001aa0                BusFaultVector
                0x0000000008001aa0                VectorD0
                0x0000000008001aa0                Vector140
                0x0000000008001aa0                VectorE4
                0x0000000008001aa0                VectorC0
                0x0000000008001aa0                HardFaultVector
                0x0000000008001aa0                Vector134
                0x0000000008001aa0                VectorF0
                0x0000000008001aa0                Vector13C
                0x0000000008001aa0                Vector100
                0x0000000008001aa0                VectorE0
                0x0000000008001aa0                VectorF4
                0x0000000008001aa0                MemManageVector
                0x0000000008001aa0                VectorA0
                0x0000000008001aa0                VectorC4
                0x0000000008001aa0                Vector180
                0x0000000008001aa0                VectorB0
                0x0000000008001aa0                Vector90
                0x0000000008001aa0                Vector114
                0x0000000008001aa0                Vector164
                0x0000000008001aa0                Vector60
                0x0000000008001aa0                Vector1C
                0x0000000008001aa0                Vector17C
                0x0000000008001aa0                Vector48
                0x0000000008001aa0                Vector16C
                0x0000000008001aa0                VectorD4
                0x0000000008001aa0                Vector4C
                0x0000000008001aa0                Vector144
                0x0000000008001aa0                Vector15C
                0x0000000008001aa0                Vector68
                0x0000000008001aa0                _unhandled_exception
                0x0000000008001aa0                Vector170
                0x0000000008001aa0                Vector88
                0x0000000008001aa0                Vector104
                0x0000000008001aa0                Vector184
                0x0000000008001aa0                Vector10C
                0x0000000008001aa0                Vector50
                0x0000000008001aa0                Vector44
                0x0000000008001aa0                Vector28
                0x0000000008001aa0                Vector34
                0x0000000008001aa0                VectorA4
                0x0000000008001aa0                Vector20
                0x0000000008001aa0                Vector174
 .text.port_halt
                0x0000000008001ab0       0x10 build/obj/chcore.o
                0x0000000008001ab0                port_halt
 .text._port_switch_from_isr
                0x0000000008001ac0       0x10 build/obj/chcore_v7m.o
                0x0000000008001ac0                _port_switch_from_isr
 .text.SVCallVector
                0x0000000008001ad0       0x20 build/obj/chcore_v7m.o
                0x0000000008001ad0                SVCallVector
 .text._port_init
                0x0000000008001af0       0x40 build/obj/chcore_v7m.o
                0x0000000008001af0                _port_init
 .text._port_irq_epilogue
                0x0000000008001b30       0x70 build/obj/chcore_v7m.o
                0x0000000008001b30                _port_irq_epilogue
 .text.SysTickVector
                0x0000000008001ba0       0x20 build/obj/chcore_v7m.o
                0x0000000008001ba0                SysTickVector
 .text._port_switch
                0x0000000008001bc0       0x10 build/obj/chcore_v7m.o
                0x0000000008001bc0                _port_switch
 .text._port_thread_start
                0x0000000008001bd0       0x10 build/obj/chcore_v7m.o
                0x0000000008001bd0                _port_thread_start
 .text.nvicEnableVector
                0x0000000008001be0       0x50 build/obj/nvic.o
                0x0000000008001be0                nvicEnableVector
 .text.nvicSetSystemHandlerPriority
                0x0000000008001c30       0x30 build/obj/nvic.o
                0x0000000008001c30                nvicSetSystemHandlerPriority
 .text._idle_thread
                0x0000000008001c60       0x20 build/obj/chsys.o
                0x0000000008001c60                _idle_thread
 .text.chSysInit
                0x0000000008001c80       0x70 build/obj/chsys.o
                0x0000000008001c80                chSysInit
 .text.chSysTimerHandlerI
                0x0000000008001cf0       0x60 build/obj/chsys.o
                0x0000000008001cf0                chSysTimerHandlerI
 .text._vt_init
                0x0000000008001d50       0x20 build/obj/chvt.o
                0x0000000008001d50                _vt_init
 .text.chVTSetI
                0x0000000008001d70       0x40 build/obj/chvt.o
                0x0000000008001d70                chVTSetI
 .text.chVTResetI
                0x0000000008001db0       0x30 build/obj/chvt.o
                0x0000000008001db0                chVTResetI
 .text.wakeup   0x0000000008001de0       0x60 build/obj/chschd.o
 .text._scheduler_init
                0x0000000008001e40       0x20 build/obj/chschd.o
                0x0000000008001e40                _scheduler_init
 .text.chSchReadyI
                0x0000000008001e60       0x20 build/obj/chschd.o
                0x0000000008001e60                chSchReadyI
 .text.chSchGoSleepS
                0x0000000008001e80       0x30 build/obj/chschd.o
                0x0000000008001e80                chSchGoSleepS
 .text.chSchGoSleepTimeoutS
                0x0000000008001eb0       0x40 build/obj/chschd.o
                0x0000000008001eb0                chSchGoSleepTimeoutS
 .text.chSchWakeupS
                0x0000000008001ef0       0x60 build/obj/chschd.o
                0x0000000008001ef0                chSchWakeupS
 .text.chSchDoRescheduleBehind
                0x0000000008001f50       0x40 build/obj/chschd.o
                0x0000000008001f50                chSchDoRescheduleBehind
 .text.chSchDoRescheduleAhead
                0x0000000008001f90       0x40 build/obj/chschd.o
                0x0000000008001f90                chSchDoRescheduleAhead
 .text.chSchRescheduleS
                0x0000000008001fd0       0x20 build/obj/chschd.o
                0x0000000008001fd0                chSchRescheduleS
 .text.chSchDoReschedule
                0x0000000008001ff0       0x20 build/obj/chschd.o
                0x0000000008001ff0                chSchDoReschedule
 .text._thread_init
                0x0000000008002010       0x50 build/obj/chthreads.o
                0x0000000008002010                _thread_init
 .text.chThdCreateI
                0x0000000008002060       0x70 build/obj/chthreads.o
                0x0000000008002060                chThdCreateI
 .text.chThdCreateStatic
                0x00000000080020d0       0x30 build/obj/chthreads.o
                0x00000000080020d0                chThdCreateStatic
 .text.chThdSleep
                0x0000000008002100       0x20 build/obj/chthreads.o
                0x0000000008002100                chThdSleep
 .text.chThdSleepUntil
                0x0000000008002120       0x30 build/obj/chthreads.o
                0x0000000008002120                chThdSleepUntil
 .text.chThdExitS
                0x0000000008002150       0x40 build/obj/chthreads.o
                0x0000000008002150                chThdExitS
 .text.chThdExit
                0x0000000008002190       0x10 build/obj/chthreads.o
                0x0000000008002190                chThdExit
 .text.chThdRelease
                0x00000000080021a0       0x50 build/obj/chdynamic.o
                0x00000000080021a0                chThdRelease
 .text.chThdCreateFromHeap
                0x00000000080021f0       0x40 build/obj/chdynamic.o
                0x00000000080021f0                chThdCreateFromHeap
 .text.chRegFirstThread
                0x0000000008002230       0x20 build/obj/chregistry.o
                0x0000000008002230                chRegFirstThread
 .text.chRegNextThread
                0x0000000008002250       0x30 build/obj/chregistry.o
                0x0000000008002250                chRegNextThread
 .text.chMtxInit
                0x0000000008002280       0x10 build/obj/chmtx.o
                0x0000000008002280                chMtxInit
 .text.chMtxLockS
                0x0000000008002290       0xd0 build/obj/chmtx.o
                0x0000000008002290                chMtxLockS
 .text.chMtxLock
                0x0000000008002360       0x20 build/obj/chmtx.o
                0x0000000008002360                chMtxLock
 .text.chMtxUnlock
                0x0000000008002380       0x60 build/obj/chmtx.o
                0x0000000008002380                chMtxUnlock
 .text.chEvtSignalI
                0x00000000080023e0       0x30 build/obj/chevents.o
                0x00000000080023e0                chEvtSignalI
 .text.chEvtBroadcastFlagsI
                0x0000000008002410       0x20 build/obj/chevents.o
                0x0000000008002410                chEvtBroadcastFlagsI
 .text.qwait    0x0000000008002430       0x30 build/obj/chqueues.o
 .text.chIQInit
                0x0000000008002460       0x20 build/obj/chqueues.o
                0x0000000008002460                chIQInit
 .text.chIQResetI
                0x0000000008002480       0x30 build/obj/chqueues.o
                0x0000000008002480                chIQResetI
 .text.chIQPutI
                0x00000000080024b0       0x50 build/obj/chqueues.o
                0x00000000080024b0                chIQPutI
 .text.chIQGetTimeout
                0x0000000008002500       0x50 build/obj/chqueues.o
                0x0000000008002500                chIQGetTimeout
 .text.chIQReadTimeout
                0x0000000008002550       0x80 build/obj/chqueues.o
                0x0000000008002550                chIQReadTimeout
 .text.chOQInit
                0x00000000080025d0       0x20 build/obj/chqueues.o
                0x00000000080025d0                chOQInit
 .text.chOQResetI
                0x00000000080025f0       0x30 build/obj/chqueues.o
                0x00000000080025f0                chOQResetI
 .text.chOQPutTimeout
                0x0000000008002620       0x50 build/obj/chqueues.o
                0x0000000008002620                chOQPutTimeout
 .text.chOQGetI
                0x0000000008002670       0x50 build/obj/chqueues.o
                0x0000000008002670                chOQGetI
 .text.chOQWriteTimeout
                0x00000000080026c0       0x80 build/obj/chqueues.o
                0x00000000080026c0                chOQWriteTimeout
 .text._core_init
                0x0000000008002740       0x30 build/obj/chmemcore.o
                0x0000000008002740                _core_init
 .text.chCoreAlloc
                0x0000000008002770       0x40 build/obj/chmemcore.o
                0x0000000008002770                chCoreAlloc
 .text.chCoreStatus
                0x00000000080027b0       0x20 build/obj/chmemcore.o
                0x00000000080027b0                chCoreStatus
 .text._heap_init
                0x00000000080027d0       0x20 build/obj/chheap.o
                0x00000000080027d0                _heap_init
 .text.chHeapAlloc
                0x00000000080027f0       0x90 build/obj/chheap.o
                0x00000000080027f0                chHeapAlloc
 .text.chHeapFree
                0x0000000008002880       0x90 build/obj/chheap.o
                0x0000000008002880                chHeapFree
 .text.chHeapStatus
                0x0000000008002910       0x40 build/obj/chheap.o
                0x0000000008002910                chHeapStatus
 .text.chPoolFree
                0x0000000008002950       0x20 build/obj/chmempools.o
                0x0000000008002950                chPoolFree
 .text.halInit  0x0000000008002970       0x40 build/obj/hal.o
                0x0000000008002970                halInit
 .text.halPolledDelay
                0x00000000080029b0       0x30 build/obj/hal.o
                0x00000000080029b0                halPolledDelay
 .text.pwmInit  0x00000000080029e0       0x10 build/obj/pwm.o
                0x00000000080029e0                pwmInit
 .text.pwmObjectInit
                0x00000000080029f0       0x10 build/obj/pwm.o
                0x00000000080029f0                pwmObjectInit
 .text.pwmStart
                0x0000000008002a00       0x20 build/obj/pwm.o
                0x0000000008002a00                pwmStart
 .text.pwmEnableChannel
                0x0000000008002a20       0x20 build/obj/pwm.o
                0x0000000008002a20                pwmEnableChannel
 .text.rtcInit  0x0000000008002a40       0x10 build/obj/rtc.o
                0x0000000008002a40                rtcInit
 .text.rtcSetTime
                0x0000000008002a50       0x20 build/obj/rtc.o
                0x0000000008002a50                rtcSetTime
 .text.rtcGetTime
                0x0000000008002a70       0x20 build/obj/rtc.o
                0x0000000008002a70                rtcGetTime
 .text.readt    0x0000000008002a90       0x10 build/obj/serial.o
 .text.read     0x0000000008002aa0       0x10 build/obj/serial.o
 .text.writet   0x0000000008002ab0       0x10 build/obj/serial.o
 .text.write    0x0000000008002ac0       0x10 build/obj/serial.o
 .text.gett     0x0000000008002ad0       0x10 build/obj/serial.o
 .text.get      0x0000000008002ae0       0x10 build/obj/serial.o
 .text.putt     0x0000000008002af0       0x10 build/obj/serial.o
 .text.put      0x0000000008002b00       0x10 build/obj/serial.o
 .text.sdInit   0x0000000008002b10       0x10 build/obj/serial.o
                0x0000000008002b10                sdInit
 .text.sdObjectInit
                0x0000000008002b20       0x50 build/obj/serial.o
                0x0000000008002b20                sdObjectInit
 .text.sdStart  0x0000000008002b70       0x20 build/obj/serial.o
                0x0000000008002b70                sdStart
 .text.sdIncomingDataI
                0x0000000008002b90       0x40 build/obj/serial.o
                0x0000000008002b90                sdIncomingDataI
 .text.inotify  0x0000000008002bd0       0x70 build/obj/serial_usb.o
 .text.onotify  0x0000000008002c40       0x60 build/obj/serial_usb.o
 .text.readt    0x0000000008002ca0       0x10 build/obj/serial_usb.o
 .text.read     0x0000000008002cb0       0x10 build/obj/serial_usb.o
 .text.writet   0x0000000008002cc0       0x10 build/obj/serial_usb.o
 .text.write    0x0000000008002cd0       0x10 build/obj/serial_usb.o
 .text.gett     0x0000000008002ce0       0x10 build/obj/serial_usb.o
 .text.get      0x0000000008002cf0       0x10 build/obj/serial_usb.o
 .text.putt     0x0000000008002d00       0x10 build/obj/serial_usb.o
 .text.put      0x0000000008002d10       0x10 build/obj/serial_usb.o
 .text.sduInit  0x0000000008002d20       0x10 build/obj/serial_usb.o
                0x0000000008002d20                sduInit
 .text.sduObjectInit
                0x0000000008002d30       0x60 build/obj/serial_usb.o
                0x0000000008002d30                sduObjectInit
 .text.sduStart
                0x0000000008002d90       0x20 build/obj/serial_usb.o
                0x0000000008002d90                sduStart
 .text.sduConfigureHookI
                0x0000000008002db0       0x40 build/obj/serial_usb.o
                0x0000000008002db0                sduConfigureHookI
 .text.sduRequestsHook
                0x0000000008002df0       0x40 build/obj/serial_usb.o
                0x0000000008002df0                sduRequestsHook
 .text.sduDataTransmitted
                0x0000000008002e30       0x70 build/obj/serial_usb.o
                0x0000000008002e30                sduDataTransmitted
 .text.sduDataReceived
                0x0000000008002ea0       0x60 build/obj/serial_usb.o
                0x0000000008002ea0                sduDataReceived
 .text.sduInterruptTransmitted
                0x0000000008002f00       0x10 build/obj/serial_usb.o
                0x0000000008002f00                sduInterruptTransmitted
 .text.spiInit  0x0000000008002f10       0x10 build/obj/spi.o
                0x0000000008002f10                spiInit
 .text.spiObjectInit
                0x0000000008002f20       0x10 build/obj/spi.o
                0x0000000008002f20                spiObjectInit
 .text.spiStart
                0x0000000008002f30       0x20 build/obj/spi.o
                0x0000000008002f30                spiStart
 .text.spiSelect
                0x0000000008002f50       0x20 build/obj/spi.o
                0x0000000008002f50                spiSelect
 .text.spiUnselect
                0x0000000008002f70       0x20 build/obj/spi.o
                0x0000000008002f70                spiUnselect
 .text.spiExchange
                0x0000000008002f90       0x30 build/obj/spi.o
                0x0000000008002f90                spiExchange
 .text.spiSend  0x0000000008002fc0       0x30 build/obj/spi.o
                0x0000000008002fc0                spiSend
 .text.usbInit  0x0000000008002ff0       0x10 build/obj/usb.o
                0x0000000008002ff0                usbInit
 .text.usbObjectInit
                0x0000000008003000       0x10 build/obj/usb.o
                0x0000000008003000                usbObjectInit
 .text.usbStart
                0x0000000008003010       0x30 build/obj/usb.o
                0x0000000008003010                usbStart
 .text.usbInitEndpointI
                0x0000000008003040       0x40 build/obj/usb.o
                0x0000000008003040                usbInitEndpointI
 .text.usbPrepareReceive
                0x0000000008003080       0x20 build/obj/usb.o
                0x0000000008003080                usbPrepareReceive
 .text.usbPrepareTransmit
                0x00000000080030a0       0x20 build/obj/usb.o
                0x00000000080030a0                usbPrepareTransmit
 .text.usbPrepareQueuedReceive
                0x00000000080030c0       0x20 build/obj/usb.o
                0x00000000080030c0                usbPrepareQueuedReceive
 .text.usbPrepareQueuedTransmit
                0x00000000080030e0       0x20 build/obj/usb.o
                0x00000000080030e0                usbPrepareQueuedTransmit
 .text.usbStartReceiveI
                0x0000000008003100       0x30 build/obj/usb.o
                0x0000000008003100                usbStartReceiveI
 .text.usbStartTransmitI
                0x0000000008003130       0x30 build/obj/usb.o
                0x0000000008003130                usbStartTransmitI
 .text._usb_reset
                0x0000000008003160       0x30 build/obj/usb.o
                0x0000000008003160                _usb_reset
 .text._usb_ep0setup
                0x0000000008003190      0x320 build/obj/usb.o
                0x0000000008003190                _usb_ep0setup
 .text._usb_ep0in
                0x00000000080034b0       0xb0 build/obj/usb.o
                0x00000000080034b0                _usb_ep0in
 .text._usb_ep0out
                0x0000000008003560       0x80 build/obj/usb.o
                0x0000000008003560                _usb_ep0out
 .text.Vector6C
                0x00000000080035e0       0x30 build/obj/stm32_dma.o
                0x00000000080035e0                Vector6C
 .text.Vector70
                0x0000000008003610       0x30 build/obj/stm32_dma.o
                0x0000000008003610                Vector70
 .text.Vector74
                0x0000000008003640       0x30 build/obj/stm32_dma.o
                0x0000000008003640                Vector74
 .text.Vector78
                0x0000000008003670       0x30 build/obj/stm32_dma.o
                0x0000000008003670                Vector78
 .text.Vector7C
                0x00000000080036a0       0x30 build/obj/stm32_dma.o
                0x00000000080036a0                Vector7C
 .text.Vector80
                0x00000000080036d0       0x30 build/obj/stm32_dma.o
                0x00000000080036d0                Vector80
 .text.Vector84
                0x0000000008003700       0x30 build/obj/stm32_dma.o
                0x0000000008003700                Vector84
 .text.VectorFC
                0x0000000008003730       0x30 build/obj/stm32_dma.o
                0x0000000008003730                VectorFC
 .text.Vector120
                0x0000000008003760       0x30 build/obj/stm32_dma.o
                0x0000000008003760                Vector120
 .text.Vector124
                0x0000000008003790       0x30 build/obj/stm32_dma.o
                0x0000000008003790                Vector124
 .text.Vector128
                0x00000000080037c0       0x30 build/obj/stm32_dma.o
                0x00000000080037c0                Vector128
 .text.Vector12C
                0x00000000080037f0       0x30 build/obj/stm32_dma.o
                0x00000000080037f0                Vector12C
 .text.Vector130
                0x0000000008003820       0x30 build/obj/stm32_dma.o
                0x0000000008003820                Vector130
 .text.Vector150
                0x0000000008003850       0x30 build/obj/stm32_dma.o
                0x0000000008003850                Vector150
 .text.Vector154
                0x0000000008003880       0x30 build/obj/stm32_dma.o
                0x0000000008003880                Vector154
 .text.Vector158
                0x00000000080038b0       0x30 build/obj/stm32_dma.o
                0x00000000080038b0                Vector158
 .text.dmaInit  0x00000000080038e0      0x140 build/obj/stm32_dma.o
                0x00000000080038e0                dmaInit
 .text.dmaStreamAllocate
                0x0000000008003a20       0xa0 build/obj/stm32_dma.o
                0x0000000008003a20                dmaStreamAllocate
 .text.hal_lld_init
                0x0000000008003ac0       0xd0 build/obj/hal_lld.o
                0x0000000008003ac0                hal_lld_init
 .text.stm32_clock_init
                0x0000000008003b90       0xe0 build/obj/hal_lld.o
                0x0000000008003b90                stm32_clock_init
 .text.VectorB8
                0x0000000008003c70       0x80 build/obj/pwm_lld.o
                0x0000000008003c70                VectorB8
 .text.pwm_lld_init
                0x0000000008003cf0       0x20 build/obj/pwm_lld.o
                0x0000000008003cf0                pwm_lld_init
 .text.pwm_lld_start
                0x0000000008003d10      0x110 build/obj/pwm_lld.o
                0x0000000008003d10                pwm_lld_start
 .text.pwm_lld_enable_channel
                0x0000000008003e20       0x40 build/obj/pwm_lld.o
                0x0000000008003e20                pwm_lld_enable_channel
 .text._pal_lld_init
                0x0000000008003e60      0x1b0 build/obj/pal_lld.o
                0x0000000008003e60                _pal_lld_init
 .text._pal_lld_setgroupmode
                0x0000000008004010       0xd0 build/obj/pal_lld.o
                0x0000000008004010                _pal_lld_setgroupmode
 .text.otg_disable_ep
                0x00000000080040e0       0x90 build/obj/usb_lld.o
 .text.otg_epout_handler
                0x0000000008004170       0x60 build/obj/usb_lld.o
 .text.otg_txfifo_flush
                0x00000000080041d0       0x20 build/obj/usb_lld.o
 .text.usb_lld_pump
                0x00000000080041f0      0x490 build/obj/usb_lld.o
 .text.otg_epin_handler
                0x0000000008004680       0x80 build/obj/usb_lld.o
 .text.Vector14C
                0x0000000008004700      0x100 build/obj/usb_lld.o
                0x0000000008004700                Vector14C
 .text.usb_lld_init
                0x0000000008004800       0x30 build/obj/usb_lld.o
                0x0000000008004800                usb_lld_init
 .text.usb_lld_start
                0x0000000008004830       0xe0 build/obj/usb_lld.o
                0x0000000008004830                usb_lld_start
 .text.usb_lld_reset
                0x0000000008004910      0x130 build/obj/usb_lld.o
                0x0000000008004910                usb_lld_reset
 .text.usb_lld_set_address
                0x0000000008004a40       0x20 build/obj/usb_lld.o
                0x0000000008004a40                usb_lld_set_address
 .text.usb_lld_init_endpoint
                0x0000000008004a60      0x140 build/obj/usb_lld.o
                0x0000000008004a60                usb_lld_init_endpoint
 .text.usb_lld_get_status_out
                0x0000000008004ba0       0x20 build/obj/usb_lld.o
                0x0000000008004ba0                usb_lld_get_status_out
 .text.usb_lld_get_status_in
                0x0000000008004bc0       0x20 build/obj/usb_lld.o
                0x0000000008004bc0                usb_lld_get_status_in
 .text.usb_lld_read_setup
                0x0000000008004be0       0x20 build/obj/usb_lld.o
                0x0000000008004be0                usb_lld_read_setup
 .text.usb_lld_prepare_receive
                0x0000000008004c00       0x30 build/obj/usb_lld.o
                0x0000000008004c00                usb_lld_prepare_receive
 .text.usb_lld_prepare_transmit
                0x0000000008004c30       0x40 build/obj/usb_lld.o
                0x0000000008004c30                usb_lld_prepare_transmit
 .text.usb_lld_start_out
                0x0000000008004c70       0x10 build/obj/usb_lld.o
                0x0000000008004c70                usb_lld_start_out
 .text.usb_lld_start_in
                0x0000000008004c80       0x30 build/obj/usb_lld.o
                0x0000000008004c80                usb_lld_start_in
 .text.usb_lld_stall_out
                0x0000000008004cb0       0x10 build/obj/usb_lld.o
                0x0000000008004cb0                usb_lld_stall_out
 .text.usb_lld_stall_in
                0x0000000008004cc0       0x10 build/obj/usb_lld.o
                0x0000000008004cc0                usb_lld_stall_in
 .text.usb_lld_clear_out
                0x0000000008004cd0       0x10 build/obj/usb_lld.o
                0x0000000008004cd0                usb_lld_clear_out
 .text.usb_lld_clear_in
                0x0000000008004ce0       0x10 build/obj/usb_lld.o
                0x0000000008004ce0                usb_lld_clear_in
 .text.rtc_lld_init
                0x0000000008004cf0       0x50 build/obj/rtc_lld.o
                0x0000000008004cf0                rtc_lld_init
 .text.rtc_lld_set_time
                0x0000000008004d40       0x40 build/obj/rtc_lld.o
                0x0000000008004d40                rtc_lld_set_time
 .text.rtc_lld_get_time
                0x0000000008004d80       0x40 build/obj/rtc_lld.o
                0x0000000008004d80                rtc_lld_get_time
 .text.spi_lld_serve_tx_interrupt
                0x0000000008004dc0       0x10 build/obj/spi_lld.o
 .text.spi_lld_serve_rx_interrupt
                0x0000000008004dd0       0x80 build/obj/spi_lld.o
 .text.spi_lld_init
                0x0000000008004e50       0x80 build/obj/spi_lld.o
                0x0000000008004e50                spi_lld_init
 .text.spi_lld_start
                0x0000000008004ed0       0xe0 build/obj/spi_lld.o
                0x0000000008004ed0                spi_lld_start
 .text.spi_lld_select
                0x0000000008004fb0       0x20 build/obj/spi_lld.o
                0x0000000008004fb0                spi_lld_select
 .text.spi_lld_unselect
                0x0000000008004fd0       0x20 build/obj/spi_lld.o
                0x0000000008004fd0                spi_lld_unselect
 .text.spi_lld_exchange
                0x0000000008004ff0       0x40 build/obj/spi_lld.o
                0x0000000008004ff0                spi_lld_exchange
 .text.spi_lld_send
                0x0000000008005030       0x40 build/obj/spi_lld.o
                0x0000000008005030                spi_lld_send
 .text.notify2  0x0000000008005070       0x20 build/obj/serial_lld.o
 .text.VectorD8
                0x0000000008005090      0x130 build/obj/serial_lld.o
                0x0000000008005090                VectorD8
 .text.sd_lld_init
                0x00000000080051c0       0x30 build/obj/serial_lld.o
                0x00000000080051c0                sd_lld_init
 .text.sd_lld_start
                0x00000000080051f0       0xb0 build/obj/serial_lld.o
                0x00000000080051f0                sd_lld_start
 .text.__early_init
                0x00000000080052a0       0x10 build/obj/board.o
                0x00000000080052a0                __early_init
 .text.boardInit
                0x00000000080052b0       0x10 build/obj/board.o
                0x00000000080052b0                boardInit
 .text.lis302dlReadRegister
                0x00000000080052c0       0x40 build/obj/lis302dl.o
                0x00000000080052c0                lis302dlReadRegister
 .text.lis302dlWriteRegister
                0x0000000008005300       0x50 build/obj/lis302dl.o
                0x0000000008005300                lis302dlWriteRegister
 .text.long_to_string_with_divisor
                0x0000000008005350       0x70 build/obj/chprintf.o
 .text.chprintf
                0x00000000080053c0      0x450 build/obj/chprintf.o
                0x00000000080053c0                chprintf
 .text.stm32_rtc_bcd2tm
                0x0000000008005810       0xb0 build/obj/chrtclib.o
 .text.stm32_rtc_tm2bcd
                0x00000000080058c0      0x110 build/obj/chrtclib.o
 .text.rtcGetTimeTm
                0x00000000080059d0       0x30 build/obj/chrtclib.o
                0x00000000080059d0                rtcGetTimeTm
 .text.rtcGetTimeUnixSec
                0x0000000008005a00       0x30 build/obj/chrtclib.o
                0x0000000008005a00                rtcGetTimeUnixSec
 .text.rtcSetTimeUnixSec
                0x0000000008005a30       0x30 build/obj/chrtclib.o
                0x0000000008005a30                rtcSetTimeUnixSec
 .text._sbrk_r  0x0000000008005a60       0x20 build/obj/syscalls.o
                0x0000000008005a60                _sbrk_r
 .text.ln_get_dynamical_time_diff
                0x0000000008005a80      0x320 build/obj/dynamical_time.o
                0x0000000008005a80                ln_get_dynamical_time_diff
 .text.ln_get_jde
                0x0000000008005da0       0x30 build/obj/dynamical_time.o
                0x0000000008005da0                ln_get_jde
 .text.ln_get_julian_day
                0x0000000008005dd0      0x160 build/obj/julian_day.o
                0x0000000008005dd0                ln_get_julian_day
 .text.ln_get_nutation
                0x0000000008005f30      0x590 build/obj/nutation.o
                0x0000000008005f30                ln_get_nutation
 .text.ln_get_mean_sidereal_time
                0x00000000080064c0       0xe0 build/obj/sidereal_time.o
                0x00000000080064c0                ln_get_mean_sidereal_time
 .text.ln_get_apparent_sidereal_time
                0x00000000080065a0       0x60 build/obj/sidereal_time.o
                0x00000000080065a0                ln_get_apparent_sidereal_time
 .text.ln_get_hrz_from_equ_sidereal_time
                0x0000000008006600      0x260 build/obj/transform.o
                0x0000000008006600                ln_get_hrz_from_equ_sidereal_time
 .text.ln_get_hrz_from_equ
                0x0000000008006860       0x30 build/obj/transform.o
                0x0000000008006860                ln_get_hrz_from_equ
 .text.ln_get_equ_from_hrz
                0x0000000008006890      0x160 build/obj/transform.o
                0x0000000008006890                ln_get_equ_from_hrz
 .text.ln_rad_to_deg
                0x00000000080069f0       0x20 build/obj/utility.o
                0x00000000080069f0                ln_rad_to_deg
 .text.ln_deg_to_rad
                0x0000000008006a10       0x20 build/obj/utility.o
                0x0000000008006a10                ln_deg_to_rad
 .text.ln_deg_to_hms
                0x0000000008006a30      0x140 build/obj/utility.o
                0x0000000008006a30                ln_deg_to_hms
 .text.ln_deg_to_dms
                0x0000000008006b70       0xc0 build/obj/utility.o
                0x0000000008006b70                ln_deg_to_dms
 .text.ln_range_degrees
                0x0000000008006c30       0x90 build/obj/utility.o
                0x0000000008006c30                ln_range_degrees
 .text.ln_hequ_to_equ
                0x0000000008006cc0       0xf0 build/obj/utility.o
                0x0000000008006cc0                ln_hequ_to_equ
 .text.ln_equ_to_hequ
                0x0000000008006db0       0x20 build/obj/utility.o
                0x0000000008006db0                ln_equ_to_hequ
 .text.ln_hrz_to_hhrz
                0x0000000008006dd0       0x20 build/obj/utility.o
                0x0000000008006dd0                ln_hrz_to_hhrz
 .text.ln_hlnlat_to_lnlat
                0x0000000008006df0       0xd0 build/obj/utility.o
                0x0000000008006df0                ln_hlnlat_to_lnlat
 .text.get_descriptor
                0x0000000008006ec0       0x40 build/obj/usbcfg.o
 .text.usb_event
                0x0000000008006f00       0x40 build/obj/usbcfg.o
 .text.Thread1  0x0000000008006f40      0x1c0 build/obj/main.o
 .text.lx200ShellInit
                0x0000000008007100       0x10 build/obj/lx200Shell.o
                0x0000000008007100                lx200ShellInit
 .text.lx200ShellCreate
                0x0000000008007110       0x20 build/obj/lx200Shell.o
                0x0000000008007110                lx200ShellCreate
 .text.lx200ShellGetLine
                0x0000000008007130       0x60 build/obj/lx200Shell.o
                0x0000000008007130                lx200ShellGetLine
 .text.lx200Shell_thread
                0x0000000008007190      0x100 build/obj/lx200Shell.o
 .text.cmd_dummy
                0x0000000008007290       0x10 build/obj/lx200ShellCMD.o
                0x0000000008007290                cmd_dummy
 .text.cmd_info
                0x00000000080072a0       0xc0 build/obj/lx200ShellCMD.o
                0x00000000080072a0                cmd_info
 .text.cmd_systime
                0x0000000008007360       0x20 build/obj/lx200ShellCMD.o
                0x0000000008007360                cmd_systime
 .text.ln_now   0x0000000008007380       0x50 build/obj/lx200ShellCMD.o
                0x0000000008007380                ln_now
 .text.cmd_date
                0x00000000080073d0       0x50 build/obj/lx200ShellCMD.o
                0x00000000080073d0                cmd_date
 .text.cmd_libnova_test
                0x0000000008007420      0x1b0 build/obj/lx200ShellCMD.o
                0x0000000008007420                cmd_libnova_test
 .text.cmd_mem  0x00000000080075d0       0x60 build/obj/lx200ShellCMD.o
                0x00000000080075d0                cmd_mem
 .text.cmd_threads
                0x0000000008007630       0x70 build/obj/lx200ShellCMD.o
                0x0000000008007630                cmd_threads
 .text.f_scansexa
                0x00000000080076a0       0xa0 build/obj/lx200ShellCMD.o
                0x00000000080076a0                f_scansexa
 .text.fs_sexa  0x0000000008007740      0x1e0 build/obj/lx200ShellCMD.o
                0x0000000008007740                fs_sexa
 .text.cmd_firware_date
                0x0000000008007920       0x20 build/obj/lx200ShellCMD.o
                0x0000000008007920                cmd_firware_date
 .text.cmd_firware_time
                0x0000000008007940       0x20 build/obj/lx200ShellCMD.o
                0x0000000008007940                cmd_firware_time
 .text.cmd_firware_number
                0x0000000008007960       0x20 build/obj/lx200ShellCMD.o
                0x0000000008007960                cmd_firware_number
 .text.cmd_firware_product
                0x0000000008007980       0x20 build/obj/lx200ShellCMD.o
                0x0000000008007980                cmd_firware_product
 .text.cmd_firware_ver
                0x00000000080079a0       0x20 build/obj/lx200ShellCMD.o
                0x00000000080079a0                cmd_firware_ver
 .text.cmd_mount_mode
                0x00000000080079c0       0x30 build/obj/lx200ShellCMD.o
                0x00000000080079c0                cmd_mount_mode
 .text.cmd_setLocalDate
                0x00000000080079f0       0x80 build/obj/lx200ShellCMD.o
                0x00000000080079f0                cmd_setLocalDate
 .text.cmd_getLocalDate
                0x0000000008007a70       0x60 build/obj/lx200ShellCMD.o
                0x0000000008007a70                cmd_getLocalDate
 .text.cmd_setLocalTime
                0x0000000008007ad0       0x80 build/obj/lx200ShellCMD.o
                0x0000000008007ad0                cmd_setLocalTime
 .text.cmd_getLocalTime
                0x0000000008007b50       0x70 build/obj/lx200ShellCMD.o
                0x0000000008007b50                cmd_getLocalTime
 .text.cmd_getClockFormat
                0x0000000008007bc0       0x20 build/obj/lx200ShellCMD.o
                0x0000000008007bc0                cmd_getClockFormat
 .text.cmd_getSite1Name
                0x0000000008007be0       0x20 build/obj/lx200ShellCMD.o
                0x0000000008007be0                cmd_getSite1Name
 .text.cmd_setSiteLongitude
                0x0000000008007c00       0x50 build/obj/lx200ShellCMD.o
                0x0000000008007c00                cmd_setSiteLongitude
 .text.cmd_getSiteLongitude
                0x0000000008007c50       0x20 build/obj/lx200ShellCMD.o
                0x0000000008007c50                cmd_getSiteLongitude
 .text.cmd_setSiteLatitude
                0x0000000008007c70       0x50 build/obj/lx200ShellCMD.o
                0x0000000008007c70                cmd_setSiteLatitude
 .text.cmd_getSiteLatitude
                0x0000000008007cc0       0x20 build/obj/lx200ShellCMD.o
                0x0000000008007cc0                cmd_getSiteLatitude
 .text.cmd_setTargetRA
                0x0000000008007ce0       0x50 build/obj/lx200ShellCMD.o
                0x0000000008007ce0                cmd_setTargetRA
 .text.cmd_setTargetDEC
                0x0000000008007d30       0x50 build/obj/lx200ShellCMD.o
                0x0000000008007d30                cmd_setTargetDEC
 .text.cmd_getTargetRA
                0x0000000008007d80       0x40 build/obj/lx200ShellCMD.o
                0x0000000008007d80                cmd_getTargetRA
 .text.cmd_getTargetDEC
                0x0000000008007dc0       0x40 build/obj/lx200ShellCMD.o
                0x0000000008007dc0                cmd_getTargetDEC
 .text.cmd_getTelescopeRA
                0x0000000008007e00       0x40 build/obj/lx200ShellCMD.o
                0x0000000008007e00                cmd_getTelescopeRA
 .text.cmd_getTelescopeDEC
                0x0000000008007e40       0x40 build/obj/lx200ShellCMD.o
                0x0000000008007e40                cmd_getTelescopeDEC
 .text.cmd_slew
                0x0000000008007e80       0x10 build/obj/lx200ShellCMD.o
                0x0000000008007e80                cmd_slew
 .text.cmd_abortMotion
                0x0000000008007e90       0x10 build/obj/lx200ShellCMD.o
                0x0000000008007e90                cmd_abortMotion
 .text.atan     0x0000000008007ea0      0x368 /usr/bin/../lib/gcc/arm-none-eabi/4.7.4/../../../../arm-none-eabi/lib/armv7e-m/libm.a(lib_a-s_atan.o)
                0x0000000008007ea0                atan
 *fill*         0x0000000008008208        0x8 00
 .text.cos      0x0000000008008210       0x90 /usr/bin/../lib/gcc/arm-none-eabi/4.7.4/../../../../arm-none-eabi/lib/armv7e-m/libm.a(lib_a-s_cos.o)
                0x0000000008008210                cos
 .text.fabs     0x00000000080082a0        0x8 /usr/bin/../lib/gcc/arm-none-eabi/4.7.4/../../../../arm-none-eabi/lib/armv7e-m/libm.a(lib_a-s_fabs.o)
                0x00000000080082a0                fabs
 *fill*         0x00000000080082a8        0x8 00
 .text.floor    0x00000000080082b0      0x110 /usr/bin/../lib/gcc/arm-none-eabi/4.7.4/../../../../arm-none-eabi/lib/armv7e-m/libm.a(lib_a-s_floor.o)
                0x00000000080082b0                floor
 .text.sin      0x00000000080083c0       0x98 /usr/bin/../lib/gcc/arm-none-eabi/4.7.4/../../../../arm-none-eabi/lib/armv7e-m/libm.a(lib_a-s_sin.o)
                0x00000000080083c0                sin
 *fill*         0x0000000008008458        0x8 00
 .text.tan      0x0000000008008460       0x5c /usr/bin/../lib/gcc/arm-none-eabi/4.7.4/../../../../arm-none-eabi/lib/armv7e-m/libm.a(lib_a-s_tan.o)
                0x0000000008008460                tan
 *fill*         0x00000000080084bc        0x4 00
 .text.acos     0x00000000080084c0       0xa4 /usr/bin/../lib/gcc/arm-none-eabi/4.7.4/../../../../arm-none-eabi/lib/armv7e-m/libm.a(lib_a-w_acos.o)
                0x00000000080084c0                acos
 *fill*         0x0000000008008564        0xc 00
 .text.asin     0x0000000008008570       0xa4 /usr/bin/../lib/gcc/arm-none-eabi/4.7.4/../../../../arm-none-eabi/lib/armv7e-m/libm.a(lib_a-w_asin.o)
                0x0000000008008570                asin
 *fill*         0x0000000008008614        0xc 00
 .text.atan2    0x0000000008008620        0x4 /usr/bin/../lib/gcc/arm-none-eabi/4.7.4/../../../../arm-none-eabi/lib/armv7e-m/libm.a(lib_a-w_atan2.o)
                0x0000000008008620                atan2
 *fill*         0x0000000008008624        0xc 00
 .text.__ieee754_acos
                0x0000000008008630      0x4d0 /usr/bin/../lib/gcc/arm-none-eabi/4.7.4/../../../../arm-none-eabi/lib/armv7e-m/libm.a(lib_a-e_acos.o)
                0x0000000008008630                __ieee754_acos
 .text.__ieee754_asin
                0x0000000008008b00      0x460 /usr/bin/../lib/gcc/arm-none-eabi/4.7.4/../../../../arm-none-eabi/lib/armv7e-m/libm.a(lib_a-e_asin.o)
                0x0000000008008b00                __ieee754_asin
 .text.__ieee754_atan2
                0x0000000008008f60      0x218 /usr/bin/../lib/gcc/arm-none-eabi/4.7.4/../../../../arm-none-eabi/lib/armv7e-m/libm.a(lib_a-e_atan2.o)
                0x0000000008008f60                __ieee754_atan2
 *fill*         0x0000000008009178        0x8 00
 .text.__ieee754_rem_pio2
                0x0000000008009180      0x468 /usr/bin/../lib/gcc/arm-none-eabi/4.7.4/../../../../arm-none-eabi/lib/armv7e-m/libm.a(lib_a-e_rem_pio2.o)
                0x0000000008009180                __ieee754_rem_pio2
 *fill*         0x00000000080095e8        0x8 00
 .text.__ieee754_sqrt
                0x00000000080095f0      0x208 /usr/bin/../lib/gcc/arm-none-eabi/4.7.4/../../../../arm-none-eabi/lib/armv7e-m/libm.a(lib_a-e_sqrt.o)
                0x00000000080095f0                __ieee754_sqrt
 *fill*         0x00000000080097f8        0x8 00
 .text.__kernel_cos
                0x0000000008009800      0x258 /usr/bin/../lib/gcc/arm-none-eabi/4.7.4/../../../../arm-none-eabi/lib/armv7e-m/libm.a(lib_a-k_cos.o)
                0x0000000008009800                __kernel_cos
 *fill*         0x0000000008009a58        0x8 00
 .text.__kernel_rem_pio2
                0x0000000008009a60      0xdec /usr/bin/../lib/gcc/arm-none-eabi/4.7.4/../../../../arm-none-eabi/lib/armv7e-m/libm.a(lib_a-k_rem_pio2.o)
                0x0000000008009a60                __kernel_rem_pio2
 *fill*         0x000000000800a84c        0x4 00
 .text.__kernel_sin
                0x000000000800a850      0x170 /usr/bin/../lib/gcc/arm-none-eabi/4.7.4/../../../../arm-none-eabi/lib/armv7e-m/libm.a(lib_a-k_sin.o)
                0x000000000800a850                __kernel_sin
 .text.__kernel_tan
                0x000000000800a9c0      0x3d0 /usr/bin/../lib/gcc/arm-none-eabi/4.7.4/../../../../arm-none-eabi/lib/armv7e-m/libm.a(lib_a-k_tan.o)
                0x000000000800a9c0                __kernel_tan
 .text.__fpclassifyd
                0x000000000800ad90       0x68 /usr/bin/../lib/gcc/arm-none-eabi/4.7.4/../../../../arm-none-eabi/lib/armv7e-m/libm.a(lib_a-s_fpclassify.o)
                0x000000000800ad90                __fpclassifyd
 *fill*         0x000000000800adf8        0x8 00
 .text.matherr  0x000000000800ae00        0x4 /usr/bin/../lib/gcc/arm-none-eabi/4.7.4/../../../../arm-none-eabi/lib/armv7e-m/libm.a(lib_a-s_matherr.o)
                0x000000000800ae00                matherr
 *fill*         0x000000000800ae04        0xc 00
 .text.nan      0x000000000800ae10        0xc /usr/bin/../lib/gcc/arm-none-eabi/4.7.4/../../../../arm-none-eabi/lib/armv7e-m/libm.a(lib_a-s_nan.o)
                0x000000000800ae10                nan
 *fill*         0x000000000800ae1c        0x4 00
 .text.scalbn   0x000000000800ae20      0x108 /usr/bin/../lib/gcc/arm-none-eabi/4.7.4/../../../../arm-none-eabi/lib/armv7e-m/libm.a(lib_a-s_scalbn.o)
                0x000000000800ae20                scalbn
 *fill*         0x000000000800af28        0x8 00
 .text.copysign
                0x000000000800af30       0x18 /usr/bin/../lib/gcc/arm-none-eabi/4.7.4/../../../../arm-none-eabi/lib/armv7e-m/libm.a(lib_a-s_copysign.o)
                0x000000000800af30                copysign
 *fill*         0x000000000800af48        0x8 00
 .text.__errno  0x000000000800af50        0xc /usr/bin/../lib/gcc/arm-none-eabi/4.7.4/../../../../arm-none-eabi/lib/armv7e-m/libc.a(lib_a-errno.o)
                0x000000000800af50                __errno
 *fill*         0x000000000800af5c        0x4 00
 .text.gmtime   0x000000000800af60       0x10 /usr/bin/../lib/gcc/arm-none-eabi/4.7.4/../../../../arm-none-eabi/lib/armv7e-m/libc.a(lib_a-gmtime.o)
                0x000000000800af60                gmtime
 .text.gmtime_r
                0x000000000800af70        0x8 /usr/bin/../lib/gcc/arm-none-eabi/4.7.4/../../../../arm-none-eabi/lib/armv7e-m/libc.a(lib_a-gmtime_r.o)
                0x000000000800af70                gmtime_r
 *fill*         0x000000000800af78        0x8 00
 .text.localtime_r
                0x000000000800af80        0x8 /usr/bin/../lib/gcc/arm-none-eabi/4.7.4/../../../../arm-none-eabi/lib/armv7e-m/libc.a(lib_a-lcltime_r.o)
                0x000000000800af80                localtime_r
 *fill*         0x000000000800af88        0x8 00
 .text.memcpy   0x000000000800af90      0x144 /usr/bin/../lib/gcc/arm-none-eabi/4.7.4/../../../../arm-none-eabi/lib/armv7e-m/libc.a(lib_a-memcpy.o)
                0x000000000800af90                memcpy
 *fill*         0x000000000800b0d4        0xc 00
 .text.memset   0x000000000800b0e0      0x12c /usr/bin/../lib/gcc/arm-none-eabi/4.7.4/../../../../arm-none-eabi/lib/armv7e-m/libc.a(lib_a-memset.o)
                0x000000000800b0e0                memset
 *fill*         0x000000000800b20c        0x4 00
 .text.validate_structure
                0x000000000800b210      0x20c /usr/bin/../lib/gcc/arm-none-eabi/4.7.4/../../../../arm-none-eabi/lib/armv7e-m/libc.a(lib_a-mktime.o)
 *fill*         0x000000000800b41c        0x4 00
 .text.mktime   0x000000000800b420      0x36c /usr/bin/../lib/gcc/arm-none-eabi/4.7.4/../../../../arm-none-eabi/lib/armv7e-m/libc.a(lib_a-mktime.o)
                0x000000000800b420                mktime
 *fill*         0x000000000800b78c        0x4 00
 .text.__tzcalc_limits
                0x000000000800b790      0x1b8 /usr/bin/../lib/gcc/arm-none-eabi/4.7.4/../../../../arm-none-eabi/lib/armv7e-m/libc.a(lib_a-mktm_r.o)
                0x000000000800b790                __tzcalc_limits
 *fill*         0x000000000800b948        0x8 00
 .text._mktm_r  0x000000000800b950      0x360 /usr/bin/../lib/gcc/arm-none-eabi/4.7.4/../../../../arm-none-eabi/lib/armv7e-m/libc.a(lib_a-mktm_r.o)
                0x000000000800b950                _mktm_r
 .text.sprintf  0x000000000800bcb0       0x50 /usr/bin/../lib/gcc/arm-none-eabi/4.7.4/../../../../arm-none-eabi/lib/armv7e-m/libc.a(lib_a-sprintf.o)
                0x000000000800bcb0                sprintf
 .text.sscanf   0x000000000800bd00       0x5c /usr/bin/../lib/gcc/arm-none-eabi/4.7.4/../../../../arm-none-eabi/lib/armv7e-m/libc.a(lib_a-sscanf.o)
                0x000000000800bd00                sscanf
 *fill*         0x000000000800bd5c        0x4 00
 .text.__seofread
                0x000000000800bd60        0x4 /usr/bin/../lib/gcc/arm-none-eabi/4.7.4/../../../../arm-none-eabi/lib/armv7e-m/libc.a(lib_a-stdio.o)
                0x000000000800bd60                __seofread
 *fill*         0x000000000800bd64        0xc 00
 .text.strchr   0x000000000800bd70       0xfc /usr/bin/../lib/gcc/arm-none-eabi/4.7.4/../../../../arm-none-eabi/lib/armv7e-m/libc.a(lib_a-strchr.o)
                0x000000000800bd70                strchr
 *fill*         0x000000000800be6c        0x4 00
 .text.strcmp   0x000000000800be70       0x80 /usr/bin/../lib/gcc/arm-none-eabi/4.7.4/../../../../arm-none-eabi/lib/armv7e-m/libc.a(lib_a-strcmp.o)
                0x000000000800be70                strcmp
 .text.strcmp_unaligned
                0x000000000800bef0      0x15c /usr/bin/../lib/gcc/arm-none-eabi/4.7.4/../../../../arm-none-eabi/lib/armv7e-m/libc.a(lib_a-strcmp.o)
 *fill*         0x000000000800c04c        0x4 00
 .text.strcpy   0x000000000800c050       0xbc /usr/bin/../lib/gcc/arm-none-eabi/4.7.4/../../../../arm-none-eabi/lib/armv7e-m/libc.a(lib_a-strcpy.o)
                0x000000000800c050                strcpy
 *fill*         0x000000000800c10c        0x4 00
 .text.iso_year_adjust
                0x000000000800c110       0xdc /usr/bin/../lib/gcc/arm-none-eabi/4.7.4/../../../../arm-none-eabi/lib/armv7e-m/libc.a(lib_a-strftime.o)
 *fill*         0x000000000800c1ec        0x4 00
 .text.strftime
                0x000000000800c1f0      0xd68 /usr/bin/../lib/gcc/arm-none-eabi/4.7.4/../../../../arm-none-eabi/lib/armv7e-m/libc.a(lib_a-strftime.o)
                0x000000000800c1f0                strftime
 *fill*         0x000000000800cf58        0x8 00
 .text.strlen   0x000000000800cf60       0x60 /usr/bin/../lib/gcc/arm-none-eabi/4.7.4/../../../../arm-none-eabi/lib/armv7e-m/libc.a(lib_a-strlen.o)
                0x000000000800cf60                strlen
 .text.strncmp  0x000000000800cfc0      0x120 /usr/bin/../lib/gcc/arm-none-eabi/4.7.4/../../../../arm-none-eabi/lib/armv7e-m/libc.a(lib_a-strncmp.o)
                0x000000000800cfc0                strncmp
 .text.strncpy  0x000000000800d0e0      0x110 /usr/bin/../lib/gcc/arm-none-eabi/4.7.4/../../../../arm-none-eabi/lib/armv7e-m/libc.a(lib_a-strncpy.o)
                0x000000000800d0e0                strncpy
 .text.match_string
                0x000000000800d1f0       0x4c /usr/bin/../lib/gcc/arm-none-eabi/4.7.4/../../../../arm-none-eabi/lib/armv7e-m/libc.a(lib_a-strptime.o)
 *fill*         0x000000000800d23c        0x4 00
 .text.strptime
                0x000000000800d240      0x650 /usr/bin/../lib/gcc/arm-none-eabi/4.7.4/../../../../arm-none-eabi/lib/armv7e-m/libc.a(lib_a-strptime.o)
                0x000000000800d240                strptime
 .text._strtod_r
                0x000000000800d890      0xeb0 /usr/bin/../lib/gcc/arm-none-eabi/4.7.4/../../../../arm-none-eabi/lib/armv7e-m/libc.a(lib_a-strtod.o)
                0x000000000800d890                _strtod_r
 .text._strtol_r
                0x000000000800e740      0x134 /usr/bin/../lib/gcc/arm-none-eabi/4.7.4/../../../../arm-none-eabi/lib/armv7e-m/libc.a(lib_a-strtol.o)
                0x000000000800e740                _strtol_r
 *fill*         0x000000000800e874        0xc 00
 .text.strtol   0x000000000800e880       0x1c /usr/bin/../lib/gcc/arm-none-eabi/4.7.4/../../../../arm-none-eabi/lib/armv7e-m/libc.a(lib_a-strtol.o)
                0x000000000800e880                strtol
 *fill*         0x000000000800e89c        0x4 00
 .text._strtoul_r
                0x000000000800e8a0      0x150 /usr/bin/../lib/gcc/arm-none-eabi/4.7.4/../../../../arm-none-eabi/lib/armv7e-m/libc.a(lib_a-strtoul.o)
                0x000000000800e8a0                _strtoul_r
 .text.strtoul  0x000000000800e9f0       0x1c /usr/bin/../lib/gcc/arm-none-eabi/4.7.4/../../../../arm-none-eabi/lib/armv7e-m/libc.a(lib_a-strtoul.o)
                0x000000000800e9f0                strtoul
 *fill*         0x000000000800ea0c        0x4 00
 .text._svfprintf_r
                0x000000000800ea10     0x1adc /usr/bin/../lib/gcc/arm-none-eabi/4.7.4/../../../../arm-none-eabi/lib/armv7e-m/libc.a(lib_a-svfprintf.o)
                0x000000000800ea10                _svfprintf_r
 *fill*         0x00000000080104ec        0x4 00
 .text.__ssvfscanf_r
                0x00000000080104f0     0x1200 /usr/bin/../lib/gcc/arm-none-eabi/4.7.4/../../../../arm-none-eabi/lib/armv7e-m/libc.a(lib_a-svfscanf.o)
                0x00000000080104f0                __ssvfscanf_r
 .text.__get_current_time_locale
                0x00000000080116f0       0x24 /usr/bin/../lib/gcc/arm-none-eabi/4.7.4/../../../../arm-none-eabi/lib/armv7e-m/libc.a(lib_a-timelocal.o)
                0x00000000080116f0                __get_current_time_locale
 *fill*         0x0000000008011714        0xc 00
 .text.__tz_lock
                0x0000000008011720        0x4 /usr/bin/../lib/gcc/arm-none-eabi/4.7.4/../../../../arm-none-eabi/lib/armv7e-m/libc.a(lib_a-tzlock.o)
                0x0000000008011720                __tz_lock
 *fill*         0x0000000008011724        0xc 00
 .text.__tz_unlock
                0x0000000008011730        0x4 /usr/bin/../lib/gcc/arm-none-eabi/4.7.4/../../../../arm-none-eabi/lib/armv7e-m/libc.a(lib_a-tzlock.o)
                0x0000000008011730                __tz_unlock
 *fill*         0x0000000008011734        0xc 00
 .text.abs      0x0000000008011740        0x8 /usr/bin/../lib/gcc/arm-none-eabi/4.7.4/../../../../arm-none-eabi/lib/armv7e-m/libc.a(lib_a-abs.o)
                0x0000000008011740                abs
 *fill*         0x0000000008011748        0x8 00
 .text.div      0x0000000008011750       0x2c /usr/bin/../lib/gcc/arm-none-eabi/4.7.4/../../../../arm-none-eabi/lib/armv7e-m/libc.a(lib_a-div.o)
                0x0000000008011750                div
 *fill*         0x000000000801177c        0x4 00
 .text.quorem   0x0000000008011780      0x2ec /usr/bin/../lib/gcc/arm-none-eabi/4.7.4/../../../../arm-none-eabi/lib/armv7e-m/libc.a(lib_a-dtoa.o)
 *fill*         0x0000000008011a6c        0x4 00
 .text._dtoa_r  0x0000000008011a70     0x1258 /usr/bin/../lib/gcc/arm-none-eabi/4.7.4/../../../../arm-none-eabi/lib/armv7e-m/libc.a(lib_a-dtoa.o)
                0x0000000008011a70                _dtoa_r
 *fill*         0x0000000008012cc8        0x8 00
 .text.__sfp_lock_acquire
                0x0000000008012cd0        0x4 /usr/bin/../lib/gcc/arm-none-eabi/4.7.4/../../../../arm-none-eabi/lib/armv7e-m/libc.a(lib_a-findfp.o)
                0x0000000008012cd0                __sfp_lock_acquire
 *fill*         0x0000000008012cd4        0xc 00
 .text.__sfp_lock_release
                0x0000000008012ce0        0x4 /usr/bin/../lib/gcc/arm-none-eabi/4.7.4/../../../../arm-none-eabi/lib/armv7e-m/libc.a(lib_a-findfp.o)
                0x0000000008012ce0                __sfp_lock_release
 *fill*         0x0000000008012ce4        0xc 00
 .text.rshift   0x0000000008012cf0      0x13c /usr/bin/../lib/gcc/arm-none-eabi/4.7.4/../../../../arm-none-eabi/lib/armv7e-m/libc.a(lib_a-gdtoa-gethex.o)
 *fill*         0x0000000008012e2c        0x4 00
 .text.__hexdig_init
                0x0000000008012e30       0x50 /usr/bin/../lib/gcc/arm-none-eabi/4.7.4/../../../../arm-none-eabi/lib/armv7e-m/libc.a(lib_a-gdtoa-gethex.o)
                0x0000000008012e30                __hexdig_init
 .text.__gethex
                0x0000000008012e80      0x58c /usr/bin/../lib/gcc/arm-none-eabi/4.7.4/../../../../arm-none-eabi/lib/armv7e-m/libc.a(lib_a-gdtoa-gethex.o)
                0x0000000008012e80                __gethex
 *fill*         0x000000000801340c        0x4 00
 .text.__hexnan
                0x0000000008013410      0x2f0 /usr/bin/../lib/gcc/arm-none-eabi/4.7.4/../../../../arm-none-eabi/lib/armv7e-m/libc.a(lib_a-gdtoa-hexnan.o)
                0x0000000008013410                __hexnan
 .text.__gettzinfo
                0x0000000008013700        0xc /usr/bin/../lib/gcc/arm-none-eabi/4.7.4/../../../../arm-none-eabi/lib/armv7e-m/libc.a(lib_a-gettzinfo.o)
                0x0000000008013700                __gettzinfo
 *fill*         0x000000000801370c        0x4 00
 .text.iswspace
                0x0000000008013710       0x1c /usr/bin/../lib/gcc/arm-none-eabi/4.7.4/../../../../arm-none-eabi/lib/armv7e-m/libc.a(lib_a-iswspace.o)
                0x0000000008013710                iswspace
 *fill*         0x000000000801372c        0x4 00
 .text.labs     0x0000000008013730        0x8 /usr/bin/../lib/gcc/arm-none-eabi/4.7.4/../../../../arm-none-eabi/lib/armv7e-m/libc.a(lib_a-labs.o)
                0x0000000008013730                labs
 *fill*         0x0000000008013738        0x8 00
 .text.__locale_charset
                0x0000000008013740        0xc /usr/bin/../lib/gcc/arm-none-eabi/4.7.4/../../../../arm-none-eabi/lib/armv7e-m/libc.a(lib_a-locale.o)
                0x0000000008013740                __locale_charset
 *fill*         0x000000000801374c        0x4 00
 .text.__locale_mb_cur_max
                0x0000000008013750        0xc /usr/bin/../lib/gcc/arm-none-eabi/4.7.4/../../../../arm-none-eabi/lib/armv7e-m/libc.a(lib_a-locale.o)
                0x0000000008013750                __locale_mb_cur_max
 *fill*         0x000000000801375c        0x4 00
 .text._localeconv_r
                0x0000000008013760        0xc /usr/bin/../lib/gcc/arm-none-eabi/4.7.4/../../../../arm-none-eabi/lib/armv7e-m/libc.a(lib_a-locale.o)
                0x0000000008013760                _localeconv_r
 *fill*         0x000000000801376c        0x4 00
 .text._malloc_r
                0x0000000008013770      0x55c /usr/bin/../lib/gcc/arm-none-eabi/4.7.4/../../../../arm-none-eabi/lib/armv7e-m/libc.a(lib_a-mallocr.o)
                0x0000000008013770                _malloc_r
 *fill*         0x0000000008013ccc        0x4 00
 .text._mbrtowc_r
                0x0000000008013cd0       0x5c /usr/bin/../lib/gcc/arm-none-eabi/4.7.4/../../../../arm-none-eabi/lib/armv7e-m/libc.a(lib_a-mbrtowc.o)
                0x0000000008013cd0                _mbrtowc_r
 *fill*         0x0000000008013d2c        0x4 00
 .text.__ascii_mbtowc
                0x0000000008013d30       0x28 /usr/bin/../lib/gcc/arm-none-eabi/4.7.4/../../../../arm-none-eabi/lib/armv7e-m/libc.a(lib_a-mbtowc_r.o)
                0x0000000008013d30                __ascii_mbtowc
 *fill*         0x0000000008013d58        0x8 00
 .text.memchr   0x0000000008013d60      0x140 /usr/bin/../lib/gcc/arm-none-eabi/4.7.4/../../../../arm-none-eabi/lib/armv7e-m/libc.a(lib_a-memchr.o)
                0x0000000008013d60                memchr
 .text.__malloc_lock
                0x0000000008013ea0        0x4 /usr/bin/../lib/gcc/arm-none-eabi/4.7.4/../../../../arm-none-eabi/lib/armv7e-m/libc.a(lib_a-mlock.o)
                0x0000000008013ea0                __malloc_lock
 *fill*         0x0000000008013ea4        0xc 00
 .text.__malloc_unlock
                0x0000000008013eb0        0x4 /usr/bin/../lib/gcc/arm-none-eabi/4.7.4/../../../../arm-none-eabi/lib/armv7e-m/libc.a(lib_a-mlock.o)
                0x0000000008013eb0                __malloc_unlock
 *fill*         0x0000000008013eb4        0xc 00
 .text._Balloc  0x0000000008013ec0       0x4c /usr/bin/../lib/gcc/arm-none-eabi/4.7.4/../../../../arm-none-eabi/lib/armv7e-m/libc.a(lib_a-mprec.o)
                0x0000000008013ec0                _Balloc
 *fill*         0x0000000008013f0c        0x4 00
 .text._Bfree   0x0000000008013f10       0x14 /usr/bin/../lib/gcc/arm-none-eabi/4.7.4/../../../../arm-none-eabi/lib/armv7e-m/libc.a(lib_a-mprec.o)
                0x0000000008013f10                _Bfree
 *fill*         0x0000000008013f24        0xc 00
 .text.__multadd
                0x0000000008013f30       0xf8 /usr/bin/../lib/gcc/arm-none-eabi/4.7.4/../../../../arm-none-eabi/lib/armv7e-m/libc.a(lib_a-mprec.o)
                0x0000000008013f30                __multadd
 *fill*         0x0000000008014028        0x8 00
 .text.__s2b    0x0000000008014030      0x140 /usr/bin/../lib/gcc/arm-none-eabi/4.7.4/../../../../arm-none-eabi/lib/armv7e-m/libc.a(lib_a-mprec.o)
                0x0000000008014030                __s2b
 .text.__hi0bits
                0x0000000008014170       0x3c /usr/bin/../lib/gcc/arm-none-eabi/4.7.4/../../../../arm-none-eabi/lib/armv7e-m/libc.a(lib_a-mprec.o)
                0x0000000008014170                __hi0bits
 *fill*         0x00000000080141ac        0x4 00
 .text.__lo0bits
                0x00000000080141b0       0x5c /usr/bin/../lib/gcc/arm-none-eabi/4.7.4/../../../../arm-none-eabi/lib/armv7e-m/libc.a(lib_a-mprec.o)
                0x00000000080141b0                __lo0bits
 *fill*         0x000000000801420c        0x4 00
 .text.__i2b    0x0000000008014210       0x14 /usr/bin/../lib/gcc/arm-none-eabi/4.7.4/../../../../arm-none-eabi/lib/armv7e-m/libc.a(lib_a-mprec.o)
                0x0000000008014210                __i2b
 *fill*         0x0000000008014224        0xc 00
 .text.__multiply
                0x0000000008014230      0x2d0 /usr/bin/../lib/gcc/arm-none-eabi/4.7.4/../../../../arm-none-eabi/lib/armv7e-m/libc.a(lib_a-mprec.o)
                0x0000000008014230                __multiply
 .text.__pow5mult
                0x0000000008014500       0x94 /usr/bin/../lib/gcc/arm-none-eabi/4.7.4/../../../../arm-none-eabi/lib/armv7e-m/libc.a(lib_a-mprec.o)
                0x0000000008014500                __pow5mult
 *fill*         0x0000000008014594        0xc 00
 .text.__lshift
                0x00000000080145a0      0x188 /usr/bin/../lib/gcc/arm-none-eabi/4.7.4/../../../../arm-none-eabi/lib/armv7e-m/libc.a(lib_a-mprec.o)
                0x00000000080145a0                __lshift
 *fill*         0x0000000008014728        0x8 00
 .text.__mcmp   0x0000000008014730       0x5c /usr/bin/../lib/gcc/arm-none-eabi/4.7.4/../../../../arm-none-eabi/lib/armv7e-m/libc.a(lib_a-mprec.o)
                0x0000000008014730                __mcmp
 *fill*         0x000000000801478c        0x4 00
 .text.__mdiff  0x0000000008014790      0x20c /usr/bin/../lib/gcc/arm-none-eabi/4.7.4/../../../../arm-none-eabi/lib/armv7e-m/libc.a(lib_a-mprec.o)
                0x0000000008014790                __mdiff
 *fill*         0x000000000801499c        0x4 00
 .text.__ulp    0x00000000080149a0       0x44 /usr/bin/../lib/gcc/arm-none-eabi/4.7.4/../../../../arm-none-eabi/lib/armv7e-m/libc.a(lib_a-mprec.o)
                0x00000000080149a0                __ulp
 *fill*         0x00000000080149e4        0xc 00
 .text.__b2d    0x00000000080149f0       0xbc /usr/bin/../lib/gcc/arm-none-eabi/4.7.4/../../../../arm-none-eabi/lib/armv7e-m/libc.a(lib_a-mprec.o)
                0x00000000080149f0                __b2d
 *fill*         0x0000000008014aac        0x4 00
 .text.__d2b    0x0000000008014ab0       0xc0 /usr/bin/../lib/gcc/arm-none-eabi/4.7.4/../../../../arm-none-eabi/lib/armv7e-m/libc.a(lib_a-mprec.o)
                0x0000000008014ab0                __d2b
 .text.__ratio  0x0000000008014b70       0x54 /usr/bin/../lib/gcc/arm-none-eabi/4.7.4/../../../../arm-none-eabi/lib/armv7e-m/libc.a(lib_a-mprec.o)
                0x0000000008014b70                __ratio
 *fill*         0x0000000008014bc4        0xc 00
 .text.__copybits
                0x0000000008014bd0       0xa4 /usr/bin/../lib/gcc/arm-none-eabi/4.7.4/../../../../arm-none-eabi/lib/armv7e-m/libc.a(lib_a-mprec.o)
                0x0000000008014bd0                __copybits
 *fill*         0x0000000008014c74        0xc 00
 .text.__any_on
                0x0000000008014c80       0x74 /usr/bin/../lib/gcc/arm-none-eabi/4.7.4/../../../../arm-none-eabi/lib/armv7e-m/libc.a(lib_a-mprec.o)
                0x0000000008014c80                __any_on
 *fill*         0x0000000008014cf4        0xc 00
 .text._realloc_r
                0x0000000008014d00      0x3dc /usr/bin/../lib/gcc/arm-none-eabi/4.7.4/../../../../arm-none-eabi/lib/armv7e-m/libc.a(lib_a-reallocr.o)
                0x0000000008014d00                _realloc_r
 *fill*         0x00000000080150dc        0x4 00
 .text.__sccl   0x00000000080150e0       0x94 /usr/bin/../lib/gcc/arm-none-eabi/4.7.4/../../../../arm-none-eabi/lib/armv7e-m/libc.a(lib_a-sccl.o)
                0x00000000080150e0                __sccl
 *fill*         0x0000000008015174        0xc 00
 .text.nanf     0x0000000008015180        0x8 /usr/bin/../lib/gcc/arm-none-eabi/4.7.4/../../../../arm-none-eabi/lib/armv7e-m/libc.a(lib_a-sf_nan.o)
                0x0000000008015180                nanf
 *fill*         0x0000000008015188        0x8 00
 .text.snprintf
                0x0000000008015190       0x68 /usr/bin/../lib/gcc/arm-none-eabi/4.7.4/../../../../arm-none-eabi/lib/armv7e-m/libc.a(lib_a-snprintf.o)
                0x0000000008015190                snprintf
 *fill*         0x00000000080151f8        0x8 00
 .text.strncasecmp
                0x0000000008015200       0xe0 /usr/bin/../lib/gcc/arm-none-eabi/4.7.4/../../../../arm-none-eabi/lib/armv7e-m/libc.a(lib_a-strncasecmp.o)
                0x0000000008015200                strncasecmp
 .text._strtoll_r
                0x00000000080152e0      0x1b8 /usr/bin/../lib/gcc/arm-none-eabi/4.7.4/../../../../arm-none-eabi/lib/armv7e-m/libc.a(lib_a-strtoll_r.o)
                0x00000000080152e0                _strtoll_r
 *fill*         0x0000000008015498        0x8 00
 .text._strtoull_r
                0x00000000080154a0      0x1fc /usr/bin/../lib/gcc/arm-none-eabi/4.7.4/../../../../arm-none-eabi/lib/armv7e-m/libc.a(lib_a-strtoull_r.o)
                0x00000000080154a0                _strtoull_r
 *fill*         0x000000000801569c        0x4 00
 .text.__ssprint_r
                0x00000000080156a0      0x100 /usr/bin/../lib/gcc/arm-none-eabi/4.7.4/../../../../arm-none-eabi/lib/armv7e-m/libc.a(lib_a-svfiprintf.o)
                0x00000000080156a0                __ssprint_r
 .text._sungetc_r
                0x00000000080157a0       0x80 /usr/bin/../lib/gcc/arm-none-eabi/4.7.4/../../../../arm-none-eabi/lib/armv7e-m/libc.a(lib_a-svfiscanf.o)
                0x00000000080157a0                _sungetc_r
 .text.__ssrefill_r
                0x0000000008015820       0x3c /usr/bin/../lib/gcc/arm-none-eabi/4.7.4/../../../../arm-none-eabi/lib/armv7e-m/libc.a(lib_a-svfiscanf.o)
                0x0000000008015820                __ssrefill_r
 *fill*         0x000000000801585c        0x4 00
 .text._sfread_r
                0x0000000008015860       0x7c /usr/bin/../lib/gcc/arm-none-eabi/4.7.4/../../../../arm-none-eabi/lib/armv7e-m/libc.a(lib_a-svfiscanf.o)
                0x0000000008015860                _sfread_r
 *fill*         0x00000000080158dc        0x4 00
 .text.__submore
                0x00000000080158e0       0x78 /usr/bin/../lib/gcc/arm-none-eabi/4.7.4/../../../../arm-none-eabi/lib/armv7e-m/libc.a(lib_a-ungetc.o)
                0x00000000080158e0                __submore
 *fill*         0x0000000008015958        0x8 00
 .text._calloc_r
                0x0000000008015960       0x60 /usr/bin/../lib/gcc/arm-none-eabi/4.7.4/../../../../arm-none-eabi/lib/armv7e-m/libc.a(lib_a-callocr.o)
                0x0000000008015960                _calloc_r
 .text._malloc_trim_r
                0x00000000080159c0       0x98 /usr/bin/../lib/gcc/arm-none-eabi/4.7.4/../../../../arm-none-eabi/lib/armv7e-m/libc.a(lib_a-freer.o)
                0x00000000080159c0                _malloc_trim_r
 *fill*         0x0000000008015a58        0x8 00
 .text._free_r  0x0000000008015a60      0x194 /usr/bin/../lib/gcc/arm-none-eabi/4.7.4/../../../../arm-none-eabi/lib/armv7e-m/libc.a(lib_a-freer.o)
                0x0000000008015a60                _free_r
 *fill*         0x0000000008015bf4        0xc 00
 .text.memmove  0x0000000008015c00      0x198 /usr/bin/../lib/gcc/arm-none-eabi/4.7.4/../../../../arm-none-eabi/lib/armv7e-m/libc.a(lib_a-memmove.o)
                0x0000000008015c00                memmove
 *(.rodata)
 *(.rodata.*)
 *fill*         0x0000000008015d98        0x8 00
 .rodata.str1.4
                0x0000000008015da0        0x5 build/obj/chsys.o
                                          0x8 (size before relaxing)
 *fill*         0x0000000008015da5        0xb 00
 .rodata.ch_debug
                0x0000000008015db0       0x18 build/obj/chregistry.o
                0x0000000008015db0                ch_debug
 *fill*         0x0000000008015dc8        0x8 00
 .rodata.vmt    0x0000000008015dd0       0x20 build/obj/serial.o
 .rodata.vmt    0x0000000008015df0       0x20 build/obj/serial_usb.o
 .rodata.zero_status
                0x0000000008015e10        0x4 build/obj/usb.o
 *fill*         0x0000000008015e14        0xc 00
 .rodata.active_status
                0x0000000008015e20        0x4 build/obj/usb.o
 *fill*         0x0000000008015e24        0xc 00
 .rodata.halted_status
                0x0000000008015e30        0x4 build/obj/usb.o
 *fill*         0x0000000008015e34        0xc 00
 .rodata._stm32_dma_streams
                0x0000000008015e40       0xc0 build/obj/stm32_dma.o
                0x0000000008015e40                _stm32_dma_streams
 .rodata.fsparams
                0x0000000008015f00        0xc build/obj/usb_lld.o
 *fill*         0x0000000008015f0c        0x4 00
 .rodata.str1.4
                0x0000000008015f10        0xd build/obj/usb_lld.o
                                         0x10 (size before relaxing)
 *fill*         0x0000000008015f1d        0x3 00
 .rodata.ep0config
                0x0000000008015f20       0x24 build/obj/usb_lld.o
 *fill*         0x0000000008015f44        0xc 00
 .rodata.default_config
                0x0000000008015f50        0xc build/obj/serial_lld.o
 *fill*         0x0000000008015f5c        0x4 00
 .rodata.pal_default_config
                0x0000000008015f60       0xfc build/obj/board.o
                0x0000000008015f60                pal_default_config
 *fill*         0x000000000801605c        0x4 00
 .rodata.str1.4
                0x0000000008016060        0x7 build/obj/chprintf.o
                                          0x8 (size before relaxing)
 *fill*         0x0000000008016067        0x9 00
 .rodata.delta_t
                0x0000000008016070      0x600 build/obj/dynamical_time.o
 .rodata.coefficients
                0x0000000008016670      0x7e0 build/obj/nutation.o
 .rodata.arguments
                0x0000000008016e50      0x9d8 build/obj/nutation.o
 *fill*         0x0000000008017828        0x8 00
 .rodata.ep1config
                0x0000000008017830       0x24 build/obj/usbcfg.o
 *fill*         0x0000000008017854        0xc 00
 .rodata.vcom_configuration_descriptor_data
                0x0000000008017860       0x44 build/obj/usbcfg.o
 *fill*         0x00000000080178a4        0xc 00
 .rodata.vcom_configuration_descriptor
                0x00000000080178b0        0x8 build/obj/usbcfg.o
 *fill*         0x00000000080178b8        0x8 00
 .rodata.ep2config
                0x00000000080178c0       0x24 build/obj/usbcfg.o
 *fill*         0x00000000080178e4        0xc 00
 .rodata.usbcfg
                0x00000000080178f0       0x10 build/obj/usbcfg.o
                0x00000000080178f0                usbcfg
 .rodata.vcom_device_descriptor_data
                0x0000000008017900       0x14 build/obj/usbcfg.o
 *fill*         0x0000000008017914        0xc 00
 .rodata.vcom_string0
                0x0000000008017920        0x4 build/obj/usbcfg.o
 *fill*         0x0000000008017924        0xc 00
 .rodata.vcom_string1
                0x0000000008017930       0x28 build/obj/usbcfg.o
 *fill*         0x0000000008017958        0x8 00
 .rodata.vcom_string2
                0x0000000008017960       0x38 build/obj/usbcfg.o
 *fill*         0x0000000008017998        0x8 00
 .rodata.vcom_string3
                0x00000000080179a0        0x8 build/obj/usbcfg.o
 *fill*         0x00000000080179a8        0x8 00
 .rodata.vcom_strings
                0x00000000080179b0       0x20 build/obj/usbcfg.o
 .rodata.serusbcfg
                0x00000000080179d0        0x4 build/obj/usbcfg.o
                0x00000000080179d0                serusbcfg
 *fill*         0x00000000080179d4        0xc 00
 .rodata.vcom_device_descriptor
                0x00000000080179e0        0x8 build/obj/usbcfg.o
 *fill*         0x00000000080179e8        0x8 00
 .rodata.LX200commands
                0x00000000080179f0      0x160 build/obj/main.o
 .rodata.spi1cfg
                0x0000000008017b50        0xc build/obj/main.o
 *fill*         0x0000000008017b5c        0x4 00
 .rodata.str1.4
                0x0000000008017b60       0xec build/obj/main.o
 *fill*         0x0000000008017c4c        0x4 00
 .rodata.pwmcfg
                0x0000000008017c50       0x30 build/obj/main.o
 .rodata.shell_cfg1
                0x0000000008017c80        0x8 build/obj/main.o
 *fill*         0x0000000008017c88        0x8 00
 .rodata.str1.4
                0x0000000008017c90       0x15 build/obj/lx200Shell.o
                                         0x1c (size before relaxing)
 *fill*         0x0000000008017ca5        0xb 00
 .rodata.str1.4
                0x0000000008017cb0      0x55a build/obj/lx200ShellCMD.o
                                        0x580 (size before relaxing)
 *fill*         0x000000000801820a        0x6 00
 .rodata.states.9544
                0x0000000008018210       0x3c build/obj/lx200ShellCMD.o
 *fill*         0x000000000801824c        0x4 00
 .rodata.atanlo
                0x0000000008018250       0x20 /usr/bin/../lib/gcc/arm-none-eabi/4.7.4/../../../../arm-none-eabi/lib/armv7e-m/libm.a(lib_a-s_atan.o)
 .rodata.atanhi
                0x0000000008018270       0x20 /usr/bin/../lib/gcc/arm-none-eabi/4.7.4/../../../../arm-none-eabi/lib/armv7e-m/libm.a(lib_a-s_atan.o)
 .rodata.str1.4
                0x0000000008018290        0x5 /usr/bin/../lib/gcc/arm-none-eabi/4.7.4/../../../../arm-none-eabi/lib/armv7e-m/libm.a(lib_a-w_acos.o)
                                          0xc (size before relaxing)
 *fill*         0x0000000008018295        0xb 00
 .rodata.str1.4
                0x00000000080182a0        0x5 /usr/bin/../lib/gcc/arm-none-eabi/4.7.4/../../../../arm-none-eabi/lib/armv7e-m/libm.a(lib_a-w_asin.o)
                                          0xc (size before relaxing)
 *fill*         0x00000000080182a5        0xb 00
 .rodata.npio2_hw
                0x00000000080182b0       0x80 /usr/bin/../lib/gcc/arm-none-eabi/4.7.4/../../../../arm-none-eabi/lib/armv7e-m/libm.a(lib_a-e_rem_pio2.o)
 .rodata.two_over_pi
                0x0000000008018330      0x108 /usr/bin/../lib/gcc/arm-none-eabi/4.7.4/../../../../arm-none-eabi/lib/armv7e-m/libm.a(lib_a-e_rem_pio2.o)
 *fill*         0x0000000008018438        0x8 00
 .rodata.init_jk
                0x0000000008018440       0x10 /usr/bin/../lib/gcc/arm-none-eabi/4.7.4/../../../../arm-none-eabi/lib/armv7e-m/libm.a(lib_a-k_rem_pio2.o)
 .rodata.PIo2   0x0000000008018450       0x40 /usr/bin/../lib/gcc/arm-none-eabi/4.7.4/../../../../arm-none-eabi/lib/armv7e-m/libm.a(lib_a-k_rem_pio2.o)
 .rodata._ctype_
                0x0000000008018490      0x104 /usr/bin/../lib/gcc/arm-none-eabi/4.7.4/../../../../arm-none-eabi/lib/armv7e-m/libc.a(lib_a-ctype_.o)
                0x0000000008018490                _ctype_
 *fill*         0x0000000008018594        0xc 00
 .rodata.str1.4
                0x00000000080185a0        0x2 /usr/bin/../lib/gcc/arm-none-eabi/4.7.4/../../../../arm-none-eabi/lib/armv7e-m/libc.a(lib_a-impure.o)
                                          0x4 (size before relaxing)
 *fill*         0x00000000080185a2        0xe 00
 .rodata._DAYS_BEFORE_MONTH
                0x00000000080185b0       0x30 /usr/bin/../lib/gcc/arm-none-eabi/4.7.4/../../../../arm-none-eabi/lib/armv7e-m/libc.a(lib_a-mktime.o)
 .rodata.DAYS_IN_MONTH
                0x00000000080185e0       0x30 /usr/bin/../lib/gcc/arm-none-eabi/4.7.4/../../../../arm-none-eabi/lib/armv7e-m/libc.a(lib_a-mktime.o)
 .rodata.mon_lengths
                0x0000000008018610       0x60 /usr/bin/../lib/gcc/arm-none-eabi/4.7.4/../../../../arm-none-eabi/lib/armv7e-m/libc.a(lib_a-mktm_r.o)
 .rodata.year_lengths
                0x0000000008018670        0x8 /usr/bin/../lib/gcc/arm-none-eabi/4.7.4/../../../../arm-none-eabi/lib/armv7e-m/libc.a(lib_a-mktm_r.o)
 *fill*         0x0000000008018678        0x8 00
 .rodata.str1.4
                0x0000000008018680       0x74 /usr/bin/../lib/gcc/arm-none-eabi/4.7.4/../../../../arm-none-eabi/lib/armv7e-m/libc.a(lib_a-strftime.o)
                                         0x78 (size before relaxing)
 *fill*         0x00000000080186f4        0xc 00
 .rodata.str1.4
                0x0000000008018700        0x6 /usr/bin/../lib/gcc/arm-none-eabi/4.7.4/../../../../arm-none-eabi/lib/armv7e-m/libc.a(lib_a-strptime.o)
                                         0x20 (size before relaxing)
 *fill*         0x0000000008018706        0xa 00
 .rodata.str1.4
                0x0000000008018710        0xf /usr/bin/../lib/gcc/arm-none-eabi/4.7.4/../../../../arm-none-eabi/lib/armv7e-m/libc.a(lib_a-strtod.o)
                                         0x10 (size before relaxing)
 *fill*         0x000000000801871f        0x1 00
 .rodata.tinytens
                0x0000000008018720       0x28 /usr/bin/../lib/gcc/arm-none-eabi/4.7.4/../../../../arm-none-eabi/lib/armv7e-m/libc.a(lib_a-strtod.o)
 *fill*         0x0000000008018748        0x8 00
 .rodata.str1.4
                0x0000000008018750       0x35 /usr/bin/../lib/gcc/arm-none-eabi/4.7.4/../../../../arm-none-eabi/lib/armv7e-m/libc.a(lib_a-svfprintf.o)
                                         0x44 (size before relaxing)
 *fill*         0x0000000008018785        0xb 00
 .rodata.zeroes.6721
                0x0000000008018790       0x10 /usr/bin/../lib/gcc/arm-none-eabi/4.7.4/../../../../arm-none-eabi/lib/armv7e-m/libc.a(lib_a-svfprintf.o)
 .rodata.blanks.6720
                0x00000000080187a0       0x10 /usr/bin/../lib/gcc/arm-none-eabi/4.7.4/../../../../arm-none-eabi/lib/armv7e-m/libc.a(lib_a-svfprintf.o)
 .rodata.basefix.6637
                0x00000000080187b0       0x24 /usr/bin/../lib/gcc/arm-none-eabi/4.7.4/../../../../arm-none-eabi/lib/armv7e-m/libc.a(lib_a-svfscanf.o)
 *fill*         0x00000000080187d4        0xc 00
 .rodata.str1.4
                0x00000000080187e0        0x5 /usr/bin/../lib/gcc/arm-none-eabi/4.7.4/../../../../arm-none-eabi/lib/armv7e-m/libc.a(lib_a-svfscanf.o)
                                          0x8 (size before relaxing)
 *fill*         0x00000000080187e5        0xb 00
 .rodata._C_time_locale
                0x00000000080187f0       0xfc /usr/bin/../lib/gcc/arm-none-eabi/4.7.4/../../../../arm-none-eabi/lib/armv7e-m/libc.a(lib_a-timelocal.o)
 *fill*         0x00000000080188ec        0x4 00
 .rodata.str1.4
                0x00000000080188f0      0x148 /usr/bin/../lib/gcc/arm-none-eabi/4.7.4/../../../../arm-none-eabi/lib/armv7e-m/libc.a(lib_a-timelocal.o)
                                        0x164 (size before relaxing)
 *fill*         0x0000000008018a38        0x8 00
 .rodata.str1.4
                0x0000000008018a40        0x4 /usr/bin/../lib/gcc/arm-none-eabi/4.7.4/../../../../arm-none-eabi/lib/armv7e-m/libc.a(lib_a-tzvars.o)
 *fill*         0x0000000008018a44        0xc 00
 .rodata.str1.4
                0x0000000008018a50       0x10 /usr/bin/../lib/gcc/arm-none-eabi/4.7.4/../../../../arm-none-eabi/lib/armv7e-m/libc.a(lib_a-dtoa.o)
                                         0x14 (size before relaxing)
 .rodata.str1.4
                0x0000000008018a60       0x1b /usr/bin/../lib/gcc/arm-none-eabi/4.7.4/../../../../arm-none-eabi/lib/armv7e-m/libc.a(lib_a-gdtoa-gethex.o)
                                         0x1c (size before relaxing)
 *fill*         0x0000000008018a7b        0x5 00
 .rodata.str1.4
                0x0000000008018a80        0xc /usr/bin/../lib/gcc/arm-none-eabi/4.7.4/../../../../arm-none-eabi/lib/armv7e-m/libc.a(lib_a-locale.o)
                                         0x14 (size before relaxing)
 .rodata.str1.4
                0x0000000000000000        0x4 /usr/bin/../lib/gcc/arm-none-eabi/4.7.4/../../../../arm-none-eabi/lib/armv7e-m/libc.a(lib_a-mbrtowc.o)
 *fill*         0x0000000008018a8c        0x4 00
 .rodata.p05.5242
                0x0000000008018a90        0xc /usr/bin/../lib/gcc/arm-none-eabi/4.7.4/../../../../arm-none-eabi/lib/armv7e-m/libc.a(lib_a-mprec.o)
 *fill*         0x0000000008018a9c        0x4 00
 .rodata.__mprec_tens